Archive member included to satisfy reference by file (symbol)

C:/Users/andyu/.pico-sdk/toolchain/14_2_Rel1/bin/../lib/gcc/arm-none-eabi/14.2.1/thumb/v6-m/nofp\libgcc.a(_dvmd_tls.o)
                              CMakeFiles/chorgan.dir/C_/Users/andyu/.pico-sdk/sdk/2.2.0/src/rp2_common/pico_divider/divider_hardware.S.obj (__aeabi_idiv0)
C:/Users/andyu/.pico-sdk/toolchain/14_2_Rel1/bin/../lib/gcc/arm-none-eabi/14.2.1/thumb/v6-m/nofp\libg.a(libc_a-calloc.o)
                              CMakeFiles/chorgan.dir/C_/Users/andyu/.pico-sdk/sdk/2.2.0/src/rp2_common/pico_malloc/malloc.c.obj (calloc)
C:/Users/andyu/.pico-sdk/toolchain/14_2_Rel1/bin/../lib/gcc/arm-none-eabi/14.2.1/thumb/v6-m/nofp\libg.a(libc_a-callocr.o)
                              C:/Users/andyu/.pico-sdk/toolchain/14_2_Rel1/bin/../lib/gcc/arm-none-eabi/14.2.1/thumb/v6-m/nofp\libg.a(libc_a-calloc.o) (_calloc_r)
C:/Users/andyu/.pico-sdk/toolchain/14_2_Rel1/bin/../lib/gcc/arm-none-eabi/14.2.1/thumb/v6-m/nofp\libg.a(libc_a-malloc.o)
                              CMakeFiles/chorgan.dir/C_/Users/andyu/.pico-sdk/sdk/2.2.0/src/rp2_common/pico_malloc/malloc.c.obj (malloc)
C:/Users/andyu/.pico-sdk/toolchain/14_2_Rel1/bin/../lib/gcc/arm-none-eabi/14.2.1/thumb/v6-m/nofp\libg.a(libc_a-mallocr.o)
                              C:/Users/andyu/.pico-sdk/toolchain/14_2_Rel1/bin/../lib/gcc/arm-none-eabi/14.2.1/thumb/v6-m/nofp\libg.a(libc_a-callocr.o) (_malloc_r)
C:/Users/andyu/.pico-sdk/toolchain/14_2_Rel1/bin/../lib/gcc/arm-none-eabi/14.2.1/thumb/v6-m/nofp\libg.a(libc_a-mlock.o)
                              C:/Users/andyu/.pico-sdk/toolchain/14_2_Rel1/bin/../lib/gcc/arm-none-eabi/14.2.1/thumb/v6-m/nofp\libg.a(libc_a-mallocr.o) (__malloc_lock)
C:/Users/andyu/.pico-sdk/toolchain/14_2_Rel1/bin/../lib/gcc/arm-none-eabi/14.2.1/thumb/v6-m/nofp\libg.a(libc_a-realloc.o)
                              CMakeFiles/chorgan.dir/C_/Users/andyu/.pico-sdk/sdk/2.2.0/src/rp2_common/pico_malloc/malloc.c.obj (realloc)
C:/Users/andyu/.pico-sdk/toolchain/14_2_Rel1/bin/../lib/gcc/arm-none-eabi/14.2.1/thumb/v6-m/nofp\libg.a(libc_a-reallocr.o)
                              C:/Users/andyu/.pico-sdk/toolchain/14_2_Rel1/bin/../lib/gcc/arm-none-eabi/14.2.1/thumb/v6-m/nofp\libg.a(libc_a-realloc.o) (_realloc_r)
C:/Users/andyu/.pico-sdk/toolchain/14_2_Rel1/bin/../lib/gcc/arm-none-eabi/14.2.1/thumb/v6-m/nofp\libg.a(libc_a-memcmp.o)
                              CMakeFiles/chorgan.dir/C_/Users/andyu/.pico-sdk/sdk/2.2.0/src/rp2_common/pico_atomic/atomic.c.obj (memcmp)
C:/Users/andyu/.pico-sdk/toolchain/14_2_Rel1/bin/../lib/gcc/arm-none-eabi/14.2.1/thumb/v6-m/nofp\libg.a(libc_a-memmove.o)
                              C:/Users/andyu/.pico-sdk/toolchain/14_2_Rel1/bin/../lib/gcc/arm-none-eabi/14.2.1/thumb/v6-m/nofp\libg.a(libc_a-reallocr.o) (memmove)
C:/Users/andyu/.pico-sdk/toolchain/14_2_Rel1/bin/../lib/gcc/arm-none-eabi/14.2.1/thumb/v6-m/nofp\libg.a(libc_a-lcltime_r.o)
                              CMakeFiles/chorgan.dir/C_/Users/andyu/.pico-sdk/sdk/2.2.0/src/common/pico_util/datetime.c.obj (localtime_r)
C:/Users/andyu/.pico-sdk/toolchain/14_2_Rel1/bin/../lib/gcc/arm-none-eabi/14.2.1/thumb/v6-m/nofp\libg.a(libc_a-mktime.o)
                              CMakeFiles/chorgan.dir/C_/Users/andyu/.pico-sdk/sdk/2.2.0/src/common/pico_util/datetime.c.obj (mktime)
C:/Users/andyu/.pico-sdk/toolchain/14_2_Rel1/bin/../lib/gcc/arm-none-eabi/14.2.1/thumb/v6-m/nofp\libg.a(libc_a-month_lengths.o)
                              C:/Users/andyu/.pico-sdk/toolchain/14_2_Rel1/bin/../lib/gcc/arm-none-eabi/14.2.1/thumb/v6-m/nofp\libg.a(libc_a-lcltime_r.o) (__month_lengths)
C:/Users/andyu/.pico-sdk/toolchain/14_2_Rel1/bin/../lib/gcc/arm-none-eabi/14.2.1/thumb/v6-m/nofp\libg.a(libc_a-tzcalc_limits.o)
                              C:/Users/andyu/.pico-sdk/toolchain/14_2_Rel1/bin/../lib/gcc/arm-none-eabi/14.2.1/thumb/v6-m/nofp\libg.a(libc_a-lcltime_r.o) (__tzcalc_limits)
C:/Users/andyu/.pico-sdk/toolchain/14_2_Rel1/bin/../lib/gcc/arm-none-eabi/14.2.1/thumb/v6-m/nofp\libg.a(libc_a-tzlock.o)
                              C:/Users/andyu/.pico-sdk/toolchain/14_2_Rel1/bin/../lib/gcc/arm-none-eabi/14.2.1/thumb/v6-m/nofp\libg.a(libc_a-lcltime_r.o) (__tz_lock)
C:/Users/andyu/.pico-sdk/toolchain/14_2_Rel1/bin/../lib/gcc/arm-none-eabi/14.2.1/thumb/v6-m/nofp\libg.a(libc_a-tzset.o)
                              C:/Users/andyu/.pico-sdk/toolchain/14_2_Rel1/bin/../lib/gcc/arm-none-eabi/14.2.1/thumb/v6-m/nofp\libg.a(libc_a-lcltime_r.o) (_tzset_unlocked)
C:/Users/andyu/.pico-sdk/toolchain/14_2_Rel1/bin/../lib/gcc/arm-none-eabi/14.2.1/thumb/v6-m/nofp\libg.a(libc_a-tzset_r.o)
                              C:/Users/andyu/.pico-sdk/toolchain/14_2_Rel1/bin/../lib/gcc/arm-none-eabi/14.2.1/thumb/v6-m/nofp\libg.a(libc_a-tzset.o) (_tzset_unlocked_r)
C:/Users/andyu/.pico-sdk/toolchain/14_2_Rel1/bin/../lib/gcc/arm-none-eabi/14.2.1/thumb/v6-m/nofp\libg.a(libc_a-tzvars.o)
[...]
Memory Configuration

Name             Origin             Length             Attributes
FLASH            0x10000000         0x00200000         xr
RAM              0x20000000         0x00040000         xrw
SCRATCH_X        0x20040000         0x00001000         xrw
SCRATCH_Y        0x20041000         0x00001000         xrw
*default*        0x00000000         0xffffffff

Linker script and memory map

LOAD C:/Users/andyu/.pico-sdk/toolchain/14_2_Rel1/bin/../lib/gcc/arm-none-eabi/14.2.1/thumb/v6-m/nofp/crti.o
LOAD C:/Users/andyu/.pico-sdk/toolchain/14_2_Rel1/bin/../lib/gcc/arm-none-eabi/14.2.1/thumb/v6-m/nofp/crtbegin.o
LOAD C:/Users/andyu/.pico-sdk/toolchain/14_2_Rel1/bin/../lib/gcc/arm-none-eabi/14.2.1/thumb/v6-m/nofp/crt0.o

.flash_begin    0x10000000        0x0
                0x10000000                        __flash_binary_start = .

.boot2          0x10000000      0x100
                0x10000000                        __boot2_start__ = .
 *(.boot2)
 .boot2         0x10000000      0x100 pico-sdk/src/rp2040/boot_stage2/CMakeFiles/bs2_default_library.dir/./bs2_default_padded_checksummed.S.obj
                0x10000100                        __boot2_end__ = .
                0x00000001                        ASSERT (((__boot2_end__ - __boot2_start__) == 0x100), ERROR: Pico second stage bootloader must be 256 bytes in size)

.text           0x10000100     0x3b58
                0x10000100                        __logical_binary_start = .
 *(.vectors)
 .vectors       0x10000100       0xd4 CMakeFiles/chorgan.dir/C_/Users/andyu/.pico-sdk/sdk/2.2.0/src/rp2_common/pico_crt0/crt0.S.obj
                0x10000100                __VECTOR_TABLE
                0x10000100                __vectors
                0x100001c0                isr_irq13
                0x100001c0                isr_irq27
                0x100001c0                isr_irq31
                0x100001c0                isr_irq12
                0x100001c0                isr_irq5
                0x100001c0                isr_irq11
                0x100001c0                isr_irq3
                0x100001c0                isr_irq23
                0x100001c0                __unhandled_user_irq
                0x100001c0                isr_irq26
                0x100001c0                isr_irq28
                0x100001c0                isr_irq19
                0x100001c0                isr_irq0
                0x100001c0                isr_irq6
                0x100001c0                isr_irq29
                0x100001c0                isr_irq16
                0x100001c0                isr_irq22
                0x100001c0                isr_irq18
                0x100001c0                isr_irq17
                0x100001c0                isr_irq14
                0x100001c0                __vectors_end
                0x100001c0                __default_isrs_start
                0x100001c0                isr_irq2
                0x100001c0                isr_irq10
                0x100001c0                isr_irq8
                0x100001c0                isr_irq24
                0x100001c0                isr_irq1
                0x100001c0                isr_irq7
                0x100001c0                isr_irq21
                0x100001c0                isr_irq20
                0x100001c0                isr_irq15
                0x100001c0                isr_irq25
                0x100001c0                isr_irq4
                0x100001c0                isr_irq30
                0x100001c0                isr_irq9
                0x100001c6                unhandled_user_irq_num_in_r0
                0x100001c8                isr_invalid
                0x100001ca                isr_nmi
                0x100001cc                isr_hardfault
                0x100001ce                isr_svcall
                0x100001d0                isr_pendsv
                0x100001d2                isr_systick
                0x100001d4                __default_isrs_end
 *(.binary_info_header)
 .binary_info_header
                0x100001d4       0x14 CMakeFiles/chorgan.dir/C_/Users/andyu/.pico-sdk/sdk/2.2.0/src/rp2_common/pico_crt0/crt0.S.obj
                0x100001e8                        __binary_info_header_end = .
 *(.embedded_block)
                0x100001e8                        __embedded_block_end = .
 *(.reset)
 .reset         0x100001e8       0x9c CMakeFiles/chorgan.dir/C_/Users/andyu/.pico-sdk/sdk/2.2.0/src/rp2_common/pico_crt0/crt0.S.obj
                0x100001e8                _entry_point
 *(.init)
 .init          0x10000284        0x4 C:/Users/andyu/.pico-sdk/toolchain/14_2_Rel1/bin/../lib/gcc/arm-none-eabi/14.2.1/thumb/v6-m/nofp/crti.o
                0x10000284                _init
 *(EXCLUDE_FILE(*libm.a: *libc.a:*lib_a-mem*.o *libgcc.a:) .text*)
 .text.register_tm_clones
                0x10000288       0x28 C:/Users/andyu/.pico-sdk/toolchain/14_2_Rel1/bin/../lib/gcc/arm-none-eabi/14.2.1/thumb/v6-m/nofp/crtbegin.o
 .text.frame_dummy
                0x100002b0       0x24 C:/Users/andyu/.pico-sdk/toolchain/14_2_Rel1/bin/../lib/gcc/arm-none-eabi/14.2.1/thumb/v6-m/nofp/crtbegin.o
 .text._ZN12ComputerCard11OnCVPWMWrapEv
                0x100002d4       0x6c CMakeFiles/chorgan.dir/main.cpp.obj
                0x100002d4                ComputerCard::OnCVPWMWrap()
 .text._ZN12ComputerCard18ReadByteFromEEPROMEjRb.constprop.0
                0x10000340       0x98 CMakeFiles/chorgan.dir/main.cpp.obj
 .text._ZN12ComputerCard13AudioCallbackEv
                0x100003d8       0x10 CMakeFiles/chorgan.dir/main.cpp.obj
                0x100003d8                ComputerCard::AudioCallback()
 .text._ZN12ComputerCard20ProbeHardwareVersionEv
                0x100003e8       0xc0 CMakeFiles/chorgan.dir/main.cpp.obj
                0x100003e8                ComputerCard::ProbeHardwareVersion()
 .text._ZN12ComputerCard13CalcCalCoeffsEi
                0x100004a8      0x4a8 CMakeFiles/chorgan.dir/main.cpp.obj
                0x100004a8                ComputerCard::CalcCalCoeffs(int)
 .text._ZN12ComputerCard10ReadEEPROMEv
                0x10000950      0x3d0 CMakeFiles/chorgan.dir/main.cpp.obj
                0x10000950                ComputerCard::ReadEEPROM()
 .text._ZN12ComputerCardC2Ev
                0x10000d20      0x44c CMakeFiles/chorgan.dir/main.cpp.obj
                0x10000d20                ComputerCard::ComputerCard()
                0x10000d20                ComputerCard::ComputerCard()
 .text.startup.main
                0x1000116c       0x48 CMakeFiles/chorgan.dir/main.cpp.obj
                0x1000116c                main
 .text.startup._GLOBAL__sub_I__ZN12ComputerCard7cvValueE
                0x100011b4      0x104 CMakeFiles/chorgan.dir/main.cpp.obj
 .text.startup._retrieve_unique_id_on_boot
                0x100012b8       0x10 CMakeFiles/chorgan.dir/C_/Users/andyu/.pico-sdk/sdk/2.2.0/src/rp2_common/pico_unique_id/unique_id.c.obj
 .text.flash_get_unique_id
                0x100012c8       0x3c CMakeFiles/chorgan.dir/C_/Users/andyu/.pico-sdk/sdk/2.2.0/src/rp2_common/hardware_flash/flash.c.obj
                0x100012c8                flash_get_unique_id
 .text.panic    0x10001304       0x30 CMakeFiles/chorgan.dir/C_/Users/andyu/.pico-sdk/sdk/2.2.0/src/rp2_common/pico_platform_panic/panic.c.obj
                0x10001304                panic
 .text.hw_claim_or_assert
                0x10001334       0x44 CMakeFiles/chorgan.dir/C_/Users/andyu/.pico-sdk/sdk/2.2.0/src/common/hardware_claim/claim.c.obj
                0x10001334                hw_claim_or_assert
 .text.hw_claim_unused_from_range
                0x10001378       0x88 CMakeFiles/chorgan.dir/C_/Users/andyu/.pico-sdk/sdk/2.2.0/src/common/hardware_claim/claim.c.obj
                0x10001378                hw_claim_unused_from_range
 .text.next_striped_spin_lock_num
                0x10001400       0x18 CMakeFiles/chorgan.dir/C_/Users/andyu/.pico-sdk/sdk/2.2.0/src/rp2_common/hardware_sync/sync.c.obj
                0x10001400                next_striped_spin_lock_num
 .text.spin_locks_reset
                0x10001418       0x1c CMakeFiles/chorgan.dir/C_/Users/andyu/.pico-sdk/sdk/2.2.0/src/rp2_common/hardware_sync_spin_lock/sync_spin_lock.c.obj
                0x10001418                spin_locks_reset
 .text.rom_func_lookup
                0x10001434       0x10 CMakeFiles/chorgan.dir/C_/Users/andyu/.pico-sdk/sdk/2.2.0/src/rp2_common/pico_bootrom/bootrom.c.obj
                0x10001434                rom_func_lookup
 .text.rom_data_lookup
                0x10001444       0x10 CMakeFiles/chorgan.dir/C_/Users/andyu/.pico-sdk/sdk/2.2.0/src/rp2_common/pico_bootrom/bootrom.c.obj
                0x10001444                rom_data_lookup
 .text.rom_funcs_lookup
                0x10001454       0x44 CMakeFiles/chorgan.dir/C_/Users/andyu/.pico-sdk/sdk/2.2.0/src/rp2_common/pico_bootrom/bootrom.c.obj
                0x10001454                rom_funcs_lookup
 .text.sleep_until_callback
                0x10001498       0x30 CMakeFiles/chorgan.dir/C_/Users/andyu/.pico-sdk/sdk/2.2.0/src/common/pico_time/time.c.obj
 .text.alarm_pool_irq_handler
                0x100014c8      0x300 CMakeFiles/chorgan.dir/C_/Users/andyu/.pico-sdk/sdk/2.2.0/src/common/pico_time/time.c.obj
 .text.runtime_init_default_alarm_pool
                0x100017c8       0xdc CMakeFiles/chorgan.dir/C_/Users/andyu/.pico-sdk/sdk/2.2.0/src/common/pico_time/time.c.obj
                0x100017c8                runtime_init_default_alarm_pool
 .text.alarm_pool_add_alarm_at_force_in_context
                0x100018a4       0xb0 CMakeFiles/chorgan.dir/C_/Users/andyu/.pico-sdk/sdk/2.2.0/src/common/pico_time/time.c.obj
                0x100018a4                alarm_pool_add_alarm_at_force_in_context
 .text.alarm_pool_cancel_alarm
                0x10001954       0x74 CMakeFiles/chorgan.dir/C_/Users/andyu/.pico-sdk/sdk/2.2.0/src/common/pico_time/time.c.obj
                0x10001954                alarm_pool_cancel_alarm
 .text.sleep_us
                0x100019c8       0xec CMakeFiles/chorgan.dir/C_/Users/andyu/.pico-sdk/sdk/2.2.0/src/common/pico_time/time.c.obj
                0x100019c8                sleep_us
 .text.best_effort_wfe_or_timeout
                0x10001ab4      0x10c CMakeFiles/chorgan.dir/C_/Users/andyu/.pico-sdk/sdk/2.2.0/src/common/pico_time/time.c.obj
                0x10001ab4                best_effort_wfe_or_timeout
 .text.check_single_timeout_us
                0x10001bc0       0x24 CMakeFiles/chorgan.dir/C_/Users/andyu/.pico-sdk/sdk/2.2.0/src/common/pico_time/timeout_helper.c.obj
 .text.init_single_timeout_until
                0x10001be4        0xc CMakeFiles/chorgan.dir/C_/Users/andyu/.pico-sdk/sdk/2.2.0/src/common/pico_time/timeout_helper.c.obj
                0x10001be4                init_single_timeout_until
 .text.timer_hardware_alarm_claim
                0x10001bf0       0x14 CMakeFiles/chorgan.dir/C_/Users/andyu/.pico-sdk/sdk/2.2.0/src/rp2_common/hardware_timer/timer.c.obj
                0x10001bf0                timer_hardware_alarm_claim
 .text.timer_time_us_64
                0x10001c04       0x10 CMakeFiles/chorgan.dir/C_/Users/andyu/.pico-sdk/sdk/2.2.0/src/rp2_common/hardware_timer/timer.c.obj
                0x10001c04                timer_time_us_64
 .text.time_us_64
                0x10001c14       0x14 CMakeFiles/chorgan.dir/C_/Users/andyu/.pico-sdk/sdk/2.2.0/src/rp2_common/hardware_timer/timer.c.obj
                0x10001c14                time_us_64
 .text.busy_wait_until
                0x10001c28       0x20 CMakeFiles/chorgan.dir/C_/Users/andyu/.pico-sdk/sdk/2.2.0/src/rp2_common/hardware_timer/timer.c.obj
                0x10001c28                busy_wait_until
 .text.runtime_init_per_core_irq_priorities
                0x10001c48       0x24 CMakeFiles/chorgan.dir/C_/Users/andyu/.pico-sdk/sdk/2.2.0/src/rp2_common/hardware_irq/irq.c.obj
                0x10001c48                runtime_init_per_core_irq_priorities
 .text.irq_set_enabled
                0x10001c6c       0x24 CMakeFiles/chorgan.dir/C_/Users/andyu/.pico-sdk/sdk/2.2.0/src/rp2_common/hardware_irq/irq.c.obj
                0x10001c6c                irq_set_enabled
 .text.irq_set_exclusive_handler
                0x10001c90       0x54 CMakeFiles/chorgan.dir/C_/Users/andyu/.pico-sdk/sdk/2.2.0/src/rp2_common/hardware_irq/irq.c.obj
                0x10001c90                irq_set_exclusive_handler
 .text.irq_remove_handler
                0x10001ce4      0x1d4 CMakeFiles/chorgan.dir/C_/Users/andyu/.pico-sdk/sdk/2.2.0/src/rp2_common/hardware_irq/irq.c.obj
                0x10001ce4                irq_remove_handler
 .text.irq_set_priority
                0x10001eb8       0x28 CMakeFiles/chorgan.dir/C_/Users/andyu/.pico-sdk/sdk/2.2.0/src/rp2_common/hardware_irq/irq.c.obj
                0x10001eb8                irq_set_priority
 .text.irq_add_tail_to_free_list
                0x10001ee0       0xb4 CMakeFiles/chorgan.dir/C_/Users/andyu/.pico-sdk/sdk/2.2.0/src/rp2_common/hardware_irq/irq.c.obj
                0x10001ee0                irq_add_tail_to_free_list
 .text.lock_init
                0x10001f94       0x10 CMakeFiles/chorgan.dir/C_/Users/andyu/.pico-sdk/sdk/2.2.0/src/common/pico_sync/lock_core.c.obj
                0x10001f94                lock_init
 .text.runtime_init_mutex
                0x10001fa4       0x50 CMakeFiles/chorgan.dir/C_/Users/andyu/.pico-sdk/sdk/2.2.0/src/common/pico_sync/mutex.c.obj
                0x10001fa4                runtime_init_mutex
 .text.gpio_set_function
                0x10001ff4       0x34 CMakeFiles/chorgan.dir/C_/Users/andyu/.pico-sdk/sdk/2.2.0/src/rp2_common/hardware_gpio/gpio.c.obj
                0x10001ff4                gpio_set_function
 .text.gpio_set_pulls
                0x10002028       0x28 CMakeFiles/chorgan.dir/C_/Users/andyu/.pico-sdk/sdk/2.2.0/src/rp2_common/hardware_gpio/gpio.c.obj
                0x10002028                gpio_set_pulls
 .text.gpio_set_input_enabled
                0x10002050       0x28 CMakeFiles/chorgan.dir/C_/Users/andyu/.pico-sdk/sdk/2.2.0/src/rp2_common/hardware_gpio/gpio.c.obj
                0x10002050                gpio_set_input_enabled
 .text.gpio_init
                0x10002078       0x40 CMakeFiles/chorgan.dir/C_/Users/andyu/.pico-sdk/sdk/2.2.0/src/rp2_common/hardware_gpio/gpio.c.obj
                0x10002078                gpio_init
 .text.clock_configure_int_divider
                0x100020b8       0xf4 CMakeFiles/chorgan.dir/C_/Users/andyu/.pico-sdk/sdk/2.2.0/src/rp2_common/hardware_clocks/clocks.c.obj
                0x100020b8                clock_configure_int_divider
 .text.clock_configure_undivided
                0x100021ac       0xe8 CMakeFiles/chorgan.dir/C_/Users/andyu/.pico-sdk/sdk/2.2.0/src/rp2_common/hardware_clocks/clocks.c.obj
                0x100021ac                clock_configure_undivided
 .text.clock_get_hz
                0x10002294        0xc CMakeFiles/chorgan.dir/C_/Users/andyu/.pico-sdk/sdk/2.2.0/src/rp2_common/hardware_clocks/clocks.c.obj
                0x10002294                clock_get_hz
 .text.set_sys_clock_pll
                0x100022a0      0x1b8 CMakeFiles/chorgan.dir/C_/Users/andyu/.pico-sdk/sdk/2.2.0/src/rp2_common/hardware_clocks/clocks.c.obj
                0x100022a0                set_sys_clock_pll
 .text.check_sys_clock_khz
                0x10002458      0x26c CMakeFiles/chorgan.dir/C_/Users/andyu/.pico-sdk/sdk/2.2.0/src/rp2_common/hardware_clocks/clocks.c.obj
                0x10002458                check_sys_clock_khz
 .text.pll_init
                0x100026c4       0xa4 CMakeFiles/chorgan.dir/C_/Users/andyu/.pico-sdk/sdk/2.2.0/src/rp2_common/hardware_pll/pll.c.obj
                0x100026c4                pll_init
 .text.tick_start
                0x10002768       0x10 CMakeFiles/chorgan.dir/C_/Users/andyu/.pico-sdk/sdk/2.2.0/src/rp2_common/hardware_ticks/ticks.c.obj
                0x10002768                tick_start
 .text.xosc_init
                0x10002778       0x28 CMakeFiles/chorgan.dir/C_/Users/andyu/.pico-sdk/sdk/2.2.0/src/rp2_common/hardware_xosc/xosc.c.obj
                0x10002778                xosc_init
 .text.first_per_core_initializer
                0x100027a0        0x4 CMakeFiles/chorgan.dir/C_/Users/andyu/.pico-sdk/sdk/2.2.0/src/rp2_common/pico_runtime/runtime.c.obj
 .text.hard_assertion_failure
                0x100027a4        0xc CMakeFiles/chorgan.dir/C_/Users/andyu/.pico-sdk/sdk/2.2.0/src/rp2_common/pico_runtime/runtime.c.obj
                0x100027a4                hard_assertion_failure
 .text.runtime_run_initializers
                0x100027b0       0x28 CMakeFiles/chorgan.dir/C_/Users/andyu/.pico-sdk/sdk/2.2.0/src/rp2_common/pico_runtime/runtime.c.obj
                0x100027b0                runtime_run_initializers
 .text.runtime_init_early_resets
                0x100027d8       0x2c CMakeFiles/chorgan.dir/C_/Users/andyu/.pico-sdk/sdk/2.2.0/src/rp2_common/pico_runtime_init/runtime_init.c.obj
                0x100027d8                runtime_init_early_resets
 .text.runtime_init_usb_power_down
                0x10002804       0x1c CMakeFiles/chorgan.dir/C_/Users/andyu/.pico-sdk/sdk/2.2.0/src/rp2_common/pico_runtime_init/runtime_init.c.obj
                0x10002804                runtime_init_usb_power_down
 .text.runtime_init_post_clock_resets
                0x10002820       0x20 CMakeFiles/chorgan.dir/C_/Users/andyu/.pico-sdk/sdk/2.2.0/src/rp2_common/pico_runtime_init/runtime_init.c.obj
                0x10002820                runtime_init_post_clock_resets
 .text.runtime_init_rp2040_gpio_ie_disable
                0x10002840       0x14 CMakeFiles/chorgan.dir/C_/Users/andyu/.pico-sdk/sdk/2.2.0/src/rp2_common/pico_runtime_init/runtime_init.c.obj
                0x10002840                runtime_init_rp2040_gpio_ie_disable
 .text.runtime_init_spin_locks_reset
                0x10002854        0x8 CMakeFiles/chorgan.dir/C_/Users/andyu/.pico-sdk/sdk/2.2.0/src/rp2_common/pico_runtime_init/runtime_init.c.obj
                0x10002854                runtime_init_spin_locks_reset
 .text.runtime_init_install_ram_vector_table
                0x1000285c       0xb4 CMakeFiles/chorgan.dir/C_/Users/andyu/.pico-sdk/sdk/2.2.0/src/rp2_common/pico_runtime_init/runtime_init.c.obj
                0x1000285c                runtime_init_install_ram_vector_table
 .text.runtime_init_clocks
                0x10002910       0xd8 CMakeFiles/chorgan.dir/C_/Users/andyu/.pico-sdk/sdk/2.2.0/src/rp2_common/pico_runtime_init/runtime_init_clocks.c.obj
                0x10002910                runtime_init_clocks
 .text          0x100029e8       0x10 CMakeFiles/chorgan.dir/C_/Users/andyu/.pico-sdk/sdk/2.2.0/src/rp2_common/pico_bit_ops/bit_ops_aeabi.S.obj
 .text.__wrap___aeabi_idiv
                0x100029f8       0x50 CMakeFiles/chorgan.dir/C_/Users/andyu/.pico-sdk/sdk/2.2.0/src/rp2_common/pico_divider/divider_hardware.S.obj
                0x100029f8                __wrap___aeabi_idivmod
                0x100029f8                divmod_s32s32
                0x100029f8                div_s32s32
                0x100029f8                __wrap___aeabi_idiv
                0x10002a00                divmod_s32s32_unsafe
                0x10002a2c                divmod_s32s32_savestate
 .text.__wrap___aeabi_uidiv
                0x10002a48       0x4c CMakeFiles/chorgan.dir/C_/Users/andyu/.pico-sdk/sdk/2.2.0/src/rp2_common/pico_divider/divider_hardware.S.obj
                0x10002a48                __wrap___aeabi_uidiv
                0x10002a48                __wrap___aeabi_uidivmod
                0x10002a48                div_u32u32
                0x10002a48                divmod_u32u32
                0x10002a50                divmod_u32u32_unsafe
                0x10002a78                divmod_u32u32_savestate
 .text.__wrap___aeabi_ldiv
                0x10002a94      0x424 CMakeFiles/chorgan.dir/C_/Users/andyu/.pico-sdk/sdk/2.2.0/src/rp2_common/pico_divider/divider_hardware.S.obj
                0x10002a94                div_s64s64
                0x10002a94                divmod_s64s64
                0x10002a94                __wrap___aeabi_ldivmod
                0x10002ac4                divmod_u64u64
                0x10002ac4                div_u64u64
                0x10002ac4                __wrap___aeabi_uldivmod
                0x10002ad4                divmod_u64u64_savestate
                0x10002af4                divmod_s64s64_unsafe
                0x10002b7c                divmod_u64u64_unsafe
 .text.__aeabi_double_init
                0x10002eb8       0xa4 CMakeFiles/chorgan.dir/C_/Users/andyu/.pico-sdk/sdk/2.2.0/src/rp2_common/pico_double/double_init_rom_rp2040.c.obj
                0x10002eb8                __aeabi_double_init
 .text.double_table_shim_on_use_helper
                0x10002f5c       0x2c CMakeFiles/chorgan.dir/C_/Users/andyu/.pico-sdk/sdk/2.2.0/src/rp2_common/pico_double/double_v1_rom_shim_rp2040.S.obj
                0x10002f5c                double_table_shim_on_use_helper
 .text.__aeabi_lmul
                0x10002f88       0x32 CMakeFiles/chorgan.dir/C_/Users/andyu/.pico-sdk/sdk/2.2.0/src/rp2_common/pico_int64_ops/pico_int64_ops_aeabi.S.obj
                0x10002f88                __wrap___aeabi_lmul
 *fill*         0x10002fba        0x2 
 .text.__wrap___aeabi_farithmetic
                0x10002fbc       0x48 CMakeFiles/chorgan.dir/C_/Users/andyu/.pico-sdk/sdk/2.2.0/src/rp2_common/pico_float/float_aeabi_rp2040.S.obj
                0x10002fbc                __wrap___aeabi_frsub
                0x10002fc2                __wrap___aeabi_fsub
                0x10002fc8                __wrap___aeabi_fadd
                0x10002fce                __wrap___aeabi_fdiv
                0x10002ff6                __wrap___aeabi_fmul
 .text.__wrap___aeabi_cfcmple
                0x10003004       0x50 CMakeFiles/chorgan.dir/C_/Users/andyu/.pico-sdk/sdk/2.2.0/src/rp2_common/pico_float/float_aeabi_rp2040.S.obj
                0x10003004                __wrap___aeabi_cfrcmple
                0x10003010                __wrap___aeabi_cfcmple
                0x10003010                __wrap___aeabi_cfcmpeq
 .text.__wrap___aeabi_fcmpeq
                0x10003054       0x10 CMakeFiles/chorgan.dir/C_/Users/andyu/.pico-sdk/sdk/2.2.0/src/rp2_common/pico_float/float_aeabi_rp2040.S.obj
                0x10003054                __wrap___aeabi_fcmpeq
 .text.__wrap___aeabi_i2f
                0x10003064       0x44 CMakeFiles/chorgan.dir/C_/Users/andyu/.pico-sdk/sdk/2.2.0/src/rp2_common/pico_float/float_aeabi_rp2040.S.obj
                0x10003064                __wrap___aeabi_i2f
                0x10003064                int2float
 .text.__wrap___aeabi_f2iz
                0x100030a8       0x4e CMakeFiles/chorgan.dir/C_/Users/andyu/.pico-sdk/sdk/2.2.0/src/rp2_common/pico_float/float_aeabi_rp2040.S.obj
                0x100030a8                float2int_z
                0x100030a8                __wrap___aeabi_f2iz
 *fill*         0x100030f6        0x2 
 .text.float2int
                0x100030f8       0x14 CMakeFiles/chorgan.dir/C_/Users/andyu/.pico-sdk/sdk/2.2.0/src/rp2_common/pico_float/float_aeabi_rp2040.S.obj
                0x100030f8                float2int
 .text.__wrap___aeabi_f2uiz
                0x1000310c        0xc CMakeFiles/chorgan.dir/C_/Users/andyu/.pico-sdk/sdk/2.2.0/src/rp2_common/pico_float/float_aeabi_rp2040.S.obj
                0x1000310c                float2uint_z
                0x1000310c                __wrap___aeabi_f2uiz
                0x1000310c                float2uint
 .text.__aeabi_float_init
                0x10003118       0x64 CMakeFiles/chorgan.dir/C_/Users/andyu/.pico-sdk/sdk/2.2.0/src/rp2_common/pico_float/float_init_rom_rp2040.c.obj
                0x10003118                __aeabi_float_init
 .text.float_table_shim_on_use_helper
                0x1000317c       0x2c CMakeFiles/chorgan.dir/C_/Users/andyu/.pico-sdk/sdk/2.2.0/src/rp2_common/pico_float/float_v1_rom_shim_rp2040.S.obj
                0x1000317c                float_table_shim_on_use_helper
 .text.float232_shims
                0x100031a8       0x18 CMakeFiles/chorgan.dir/C_/Users/andyu/.pico-sdk/sdk/2.2.0/src/rp2_common/pico_float/float_v1_rom_shim_rp2040.S.obj
                0x100031a8                float2int_shim
                0x100031aa                float2fix_shim
 .text          0x100031c0       0x10 CMakeFiles/chorgan.dir/C_/Users/andyu/.pico-sdk/sdk/2.2.0/src/rp2_common/pico_mem_ops/mem_ops_aeabi.S.obj
                0x100031c0                __aeabi_mem_init
 .text.memset   0x100031d0        0xc CMakeFiles/chorgan.dir/C_/Users/andyu/.pico-sdk/sdk/2.2.0/src/rp2_common/pico_mem_ops/mem_ops_aeabi.S.obj
                0x100031d0                __wrap_memset
 .text.memcpy   0x100031dc        0xc CMakeFiles/chorgan.dir/C_/Users/andyu/.pico-sdk/sdk/2.2.0/src/rp2_common/pico_mem_ops/mem_ops_aeabi.S.obj
                0x100031dc                __wrap_memcpy
                0x100031dc                __wrap___aeabi_memcpy
 .text._out_char
                0x100031e8       0x10 CMakeFiles/chorgan.dir/C_/Users/andyu/.pico-sdk/sdk/2.2.0/src/rp2_common/pico_printf/printf.c.obj
 .text.weak_raw_vprintf
                0x100031f8       0x30 CMakeFiles/chorgan.dir/C_/Users/andyu/.pico-sdk/sdk/2.2.0/src/rp2_common/pico_printf/printf.c.obj
                0x100031f8                weak_raw_vprintf
 .text._exit    0x10003228        0x4 CMakeFiles/chorgan.dir/C_/Users/andyu/.pico-sdk/sdk/2.2.0/src/rp2_common/pico_clib_interface/newlib_interface.c.obj
                0x10003228                _exit
 .text.exit     0x1000322c        0x8 CMakeFiles/chorgan.dir/C_/Users/andyu/.pico-sdk/sdk/2.2.0/src/rp2_common/pico_clib_interface/newlib_interface.c.obj
                0x1000322c                exit
 .text.runtime_init
                0x10003234       0x2c CMakeFiles/chorgan.dir/C_/Users/andyu/.pico-sdk/sdk/2.2.0/src/rp2_common/pico_clib_interface/newlib_interface.c.obj
                0x10003234                runtime_init
 .text.stdio_out_chars_no_crlf
                0x10003260       0x10 CMakeFiles/chorgan.dir/C_/Users/andyu/.pico-sdk/sdk/2.2.0/src/rp2_common/pico_stdio/stdio.c.obj
 .text.stdio_out_chars_crlf
                0x10003270       0xb0 CMakeFiles/chorgan.dir/C_/Users/andyu/.pico-sdk/sdk/2.2.0/src/rp2_common/pico_stdio/stdio.c.obj
 .text.stdio_put_string
                0x10003320       0xfc CMakeFiles/chorgan.dir/C_/Users/andyu/.pico-sdk/sdk/2.2.0/src/rp2_common/pico_stdio/stdio.c.obj
                0x10003320                stdio_put_string
 .text.__wrap_putchar
                0x1000341c       0x94 CMakeFiles/chorgan.dir/C_/Users/andyu/.pico-sdk/sdk/2.2.0/src/rp2_common/pico_stdio/stdio.c.obj
                0x1000341c                __wrap_putchar
                0x1000341c                stdio_putchar
 .text.__wrap_puts
                0x100034b0       0x3c CMakeFiles/chorgan.dir/C_/Users/andyu/.pico-sdk/sdk/2.2.0/src/rp2_common/pico_stdio/stdio.c.obj
                0x100034b0                stdio_puts
                0x100034b0                __wrap_puts
 .text.dma_claim_unused_channel
                0x100034ec       0x24 CMakeFiles/chorgan.dir/C_/Users/andyu/.pico-sdk/sdk/2.2.0/src/rp2_common/hardware_dma/dma.c.obj
                0x100034ec                dma_claim_unused_channel
 .text.dma_channel_cleanup
                0x10003510       0x64 CMakeFiles/chorgan.dir/C_/Users/andyu/.pico-sdk/sdk/2.2.0/src/rp2_common/hardware_dma/dma.c.obj
                0x10003510                dma_channel_cleanup
 .text.i2c_write_blocking_internal
                0x10003574      0x1b8 CMakeFiles/chorgan.dir/C_/Users/andyu/.pico-sdk/sdk/2.2.0/src/rp2_common/hardware_i2c/i2c.c.obj
 .text.i2c_read_blocking_internal
                0x1000372c      0x100 CMakeFiles/chorgan.dir/C_/Users/andyu/.pico-sdk/sdk/2.2.0/src/rp2_common/hardware_i2c/i2c.c.obj
 .text.i2c_set_baudrate
                0x1000382c       0xc0 CMakeFiles/chorgan.dir/C_/Users/andyu/.pico-sdk/sdk/2.2.0/src/rp2_common/hardware_i2c/i2c.c.obj
                0x1000382c                i2c_set_baudrate
 .text.i2c_init
                0x100038ec       0x50 CMakeFiles/chorgan.dir/C_/Users/andyu/.pico-sdk/sdk/2.2.0/src/rp2_common/hardware_i2c/i2c.c.obj
                0x100038ec                i2c_init
 .text.i2c_write_blocking_until
                0x1000393c       0x48 CMakeFiles/chorgan.dir/C_/Users/andyu/.pico-sdk/sdk/2.2.0/src/rp2_common/hardware_i2c/i2c.c.obj
                0x1000393c                i2c_write_blocking_until
 .text.i2c_read_blocking_until
                0x10003984       0x48 CMakeFiles/chorgan.dir/C_/Users/andyu/.pico-sdk/sdk/2.2.0/src/rp2_common/hardware_i2c/i2c.c.obj
                0x10003984                i2c_read_blocking_until
 .text.adc_init
                0x100039cc       0x38 CMakeFiles/chorgan.dir/C_/Users/andyu/.pico-sdk/sdk/2.2.0/src/rp2_common/hardware_adc/adc.c.obj
                0x100039cc                adc_init
 .text.spi_init
                0x10003a04      0x13c CMakeFiles/chorgan.dir/C_/Users/andyu/.pico-sdk/sdk/2.2.0/src/rp2_common/hardware_spi/spi.c.obj
                0x10003a04                spi_init
 .text.strlen   0x10003b40       0x5c C:/Users/andyu/.pico-sdk/toolchain/14_2_Rel1/bin/../lib/gcc/arm-none-eabi/14.2.1/thumb/v6-m/nofp\libg.a(libc_a-strlen-stub.o)
                0x10003b40                strlen
 *(.fini)
 .fini          0x10003b9c        0x4 C:/Users/andyu/.pico-sdk/toolchain/14_2_Rel1/bin/../lib/gcc/arm-none-eabi/14.2.1/thumb/v6-m/nofp/crti.o
                0x10003b9c                _fini
 .fini.__stub   0x10003ba0       0x70 linker stubs
 *crtbegin.o(.ctors)
 *crtbegin?.o(.ctors)
 *(EXCLUDE_FILE(*crtend.o *crtend?.o) .ctors)
 *(SORT_BY_NAME(.ctors.*))
 *(.ctors)
 *crtbegin.o(.dtors)
 *crtbegin?.o(.dtors)
 *(EXCLUDE_FILE(*crtend.o *crtend?.o) .dtors)
 *(SORT_BY_NAME(.dtors.*))
 *(.dtors)
                0x10003c10                        . = ALIGN (0x4)
                0x10003c10                        PROVIDE (__preinit_array_start = .)
 *(SORT_BY_NAME(.preinit_array.*))
 .preinit_array.00100
                0x10003c10        0x4 CMakeFiles/chorgan.dir/C_/Users/andyu/.pico-sdk/sdk/2.2.0/src/rp2_common/pico_runtime_init/runtime_init.c.obj
                0x10003c10                __pre_init_runtime_init_early_resets
 .preinit_array.00101
                0x10003c14        0x4 CMakeFiles/chorgan.dir/C_/Users/andyu/.pico-sdk/sdk/2.2.0/src/rp2_common/pico_runtime_init/runtime_init.c.obj
                0x10003c14                __pre_init_runtime_init_usb_power_down
 .preinit_array.00275
                0x10003c18        0x4 CMakeFiles/chorgan.dir/C_/Users/andyu/.pico-sdk/sdk/2.2.0/src/rp2_common/pico_bit_ops/bit_ops_aeabi.S.obj
 .preinit_array.00300
                0x10003c1c        0x4 CMakeFiles/chorgan.dir/C_/Users/andyu/.pico-sdk/sdk/2.2.0/src/rp2_common/pico_mem_ops/mem_ops_aeabi.S.obj
 .preinit_array.00350
                0x10003c20        0x4 CMakeFiles/chorgan.dir/C_/Users/andyu/.pico-sdk/sdk/2.2.0/src/rp2_common/pico_double/double_aeabi_rp2040.S.obj
 .preinit_array.00350
                0x10003c24        0x4 CMakeFiles/chorgan.dir/C_/Users/andyu/.pico-sdk/sdk/2.2.0/src/rp2_common/pico_float/float_aeabi_rp2040.S.obj
 .preinit_array.00500
                0x10003c28        0x4 CMakeFiles/chorgan.dir/C_/Users/andyu/.pico-sdk/sdk/2.2.0/src/rp2_common/pico_runtime_init/runtime_init.c.obj
                0x10003c28                __pre_init_runtime_init_clocks
 .preinit_array.00600
                0x10003c2c        0x4 CMakeFiles/chorgan.dir/C_/Users/andyu/.pico-sdk/sdk/2.2.0/src/rp2_common/pico_runtime_init/runtime_init.c.obj
                0x10003c2c                __pre_init_runtime_init_post_clock_resets
 .preinit_array.00700
                0x10003c30        0x4 CMakeFiles/chorgan.dir/C_/Users/andyu/.pico-sdk/sdk/2.2.0/src/rp2_common/pico_runtime_init/runtime_init.c.obj
                0x10003c30                __pre_init_runtime_init_rp2040_gpio_ie_disable
 .preinit_array.01000
                0x10003c34        0x4 CMakeFiles/chorgan.dir/C_/Users/andyu/.pico-sdk/sdk/2.2.0/src/rp2_common/pico_runtime_init/runtime_init.c.obj
                0x10003c34                __pre_init_runtime_init_spin_locks_reset
 .preinit_array.01100
                0x10003c38        0x4 CMakeFiles/chorgan.dir/C_/Users/andyu/.pico-sdk/sdk/2.2.0/src/common/pico_sync/mutex.c.obj
                0x10003c38                __pre_init_runtime_init_mutex
 .preinit_array.10080
                0x10003c3c        0x4 CMakeFiles/chorgan.dir/C_/Users/andyu/.pico-sdk/sdk/2.2.0/src/rp2_common/pico_runtime_init/runtime_init.c.obj
                0x10003c3c                __pre_init_runtime_init_install_ram_vector_table
 .preinit_array.11000
                0x10003c40        0x4 CMakeFiles/chorgan.dir/C_/Users/andyu/.pico-sdk/sdk/2.2.0/src/common/pico_time/time.c.obj
                0x10003c40                __pre_init_runtime_init_default_alarm_pool
 .preinit_array.YYYYY
                0x10003c44        0x4 CMakeFiles/chorgan.dir/C_/Users/andyu/.pico-sdk/sdk/2.2.0/src/rp2_common/pico_runtime/runtime.c.obj
                0x10003c44                __pre_init_first_per_core_initializer
 .preinit_array.ZZZZZ.01200
                0x10003c48        0x4 CMakeFiles/chorgan.dir/C_/Users/andyu/.pico-sdk/sdk/2.2.0/src/rp2_common/hardware_irq/irq.c.obj
                0x10003c48                __pre_init_runtime_init_per_core_irq_priorities
 *(.preinit_array)
                0x10003c4c                        PROVIDE (__preinit_array_end = .)
                0x10003c4c                        . = ALIGN (0x4)
                0x10003c4c                        PROVIDE (__init_array_start = .)
 *(SORT_BY_NAME(.init_array.*))
 .init_array.01000
                0x10003c4c        0x4 CMakeFiles/chorgan.dir/C_/Users/andyu/.pico-sdk/sdk/2.2.0/src/rp2_common/pico_unique_id/unique_id.c.obj
 *(.init_array)
 .init_array    0x10003c50        0x4 C:/Users/andyu/.pico-sdk/toolchain/14_2_Rel1/bin/../lib/gcc/arm-none-eabi/14.2.1/thumb/v6-m/nofp/crtbegin.o
 .init_array    0x10003c54        0x4 CMakeFiles/chorgan.dir/main.cpp.obj
                0x10003c58                        PROVIDE (__init_array_end = .)
                0x10003c58                        . = ALIGN (0x4)
                [!provide]                        PROVIDE (__fini_array_start = .)
 *(SORT_BY_NAME(.fini_array.*))
 *(.fini_array)
                [!provide]                        PROVIDE (__fini_array_end = .)
 *(.eh_frame*)
 .eh_frame      0x10003c58        0x0 C:/Users/andyu/.pico-sdk/toolchain/14_2_Rel1/bin/../lib/gcc/arm-none-eabi/14.2.1/thumb/v6-m/nofp/crtbegin.o
                0x10003c58                        . = ALIGN (0x4)

.glue_7         0x10003c58        0x0
 .glue_7        0x10003c58        0x0 linker stubs

.glue_7t        0x10003c58        0x0
 .glue_7t       0x10003c58        0x0 linker stubs

.vfp11_veneer   0x10003c58        0x0
 .vfp11_veneer  0x10003c58        0x0 linker stubs

.v4_bx          0x10003c58        0x0
 .v4_bx         0x10003c58        0x0 linker stubs

.iplt           0x10003c58        0x0
 .iplt          0x10003c58        0x0 C:/Users/andyu/.pico-sdk/toolchain/14_2_Rel1/bin/../lib/gcc/arm-none-eabi/14.2.1/thumb/v6-m/nofp/crtbegin.o

.rodata         0x10003c58      0xcd0
 *(EXCLUDE_FILE(*libm.a: *libc.a:*lib_a-mem*.o *libgcc.a:) .rodata*)
 .rodata.main.str1.4
                0x10003c58       0xd2 CMakeFiles/chorgan.dir/main.cpp.obj
                                 0x32 (size before relaxing)
 *fill*         0x10003d2a        0x2 
 .rodata._ZTV12ComputerCard
                0x10003d2c        0xc CMakeFiles/chorgan.dir/main.cpp.obj
                0x10003d2c                vtable for ComputerCard
 .rodata._ZTV11ChorganCard
                0x10003d38        0xc CMakeFiles/chorgan.dir/main.cpp.obj
                0x10003d38                vtable for ChorganCard
 .rodata._ZL11kExtensions
                0x10003d44       0x34 CMakeFiles/chorgan.dir/main.cpp.obj
 .rodata._ZL7kExt_12
                0x10003d78       0x18 CMakeFiles/chorgan.dir/main.cpp.obj
 .rodata._ZL7kExt_11
                0x10003d90       0x18 CMakeFiles/chorgan.dir/main.cpp.obj
 .rodata._ZL7kExt_10
                0x10003da8       0x18 CMakeFiles/chorgan.dir/main.cpp.obj
 .rodata._ZL6kExt_9
                0x10003dc0       0x18 CMakeFiles/chorgan.dir/main.cpp.obj
 .rodata._ZL6kExt_8
                0x10003dd8       0x18 CMakeFiles/chorgan.dir/main.cpp.obj
 .rodata._ZL6kExt_7
                0x10003df0       0x18 CMakeFiles/chorgan.dir/main.cpp.obj
 .rodata._ZL6kExt_6
                0x10003e08       0x18 CMakeFiles/chorgan.dir/main.cpp.obj
 .rodata._ZL6kExt_5
                0x10003e20       0x18 CMakeFiles/chorgan.dir/main.cpp.obj
 .rodata._ZL6kExt_4
                0x10003e38       0x18 CMakeFiles/chorgan.dir/main.cpp.obj
 .rodata._ZL6kExt_3
                0x10003e50       0x18 CMakeFiles/chorgan.dir/main.cpp.obj
 .rodata._ZL6kExt_2
                0x10003e68       0x18 CMakeFiles/chorgan.dir/main.cpp.obj
 .rodata._ZL6kExt_1
                0x10003e80       0x18 CMakeFiles/chorgan.dir/main.cpp.obj
 .rodata._ZL6kExt_0
                0x10003e98       0x18 CMakeFiles/chorgan.dir/main.cpp.obj
 .rodata._ZL14MIDI_PHASE_INC
                0x10003eb0      0x200 CMakeFiles/chorgan.dir/main.cpp.obj
 .rodata._ZL10SINE_TABLE
                0x100040b0      0x800 CMakeFiles/chorgan.dir/main.cpp.obj
 .rodata._ZL14kStereoOffsets
                0x100048b0       0x18 CMakeFiles/chorgan.dir/main.cpp.obj
 .rodata._ZN12ComputerCard4ledsE
                0x100048c8        0x6 CMakeFiles/chorgan.dir/main.cpp.obj
                0x100048c8                ComputerCard::leds
 .rodata.panic.str1.4
                0x100048ce       0x12 CMakeFiles/chorgan.dir/C_/Users/andyu/.pico-sdk/sdk/2.2.0/src/rp2_common/pico_platform_panic/panic.c.obj
 .rodata.timer_hardware_alarm_claim.str1.4
                0x100048ce       0x22 CMakeFiles/chorgan.dir/C_/Users/andyu/.pico-sdk/sdk/2.2.0/src/rp2_common/hardware_timer/timer.c.obj
 .rodata.hard_assertion_failure.str1.4
                0x100048ce        0xc CMakeFiles/chorgan.dir/C_/Users/andyu/.pico-sdk/sdk/2.2.0/src/rp2_common/pico_runtime/runtime.c.obj
 .rodata.str1.4
                0x100048ce       0x3c CMakeFiles/chorgan.dir/C_/Users/andyu/.pico-sdk/sdk/2.2.0/src/rp2_common/pico_standard_binary_info/standard_binary_info.c.obj
 *fill*         0x100048ce        0x2 
 .rodata.__bi_84
                0x100048d0        0xc CMakeFiles/chorgan.dir/C_/Users/andyu/.pico-sdk/sdk/2.2.0/src/rp2_common/pico_standard_binary_info/standard_binary_info.c.obj
 .rodata.__bi_78
                0x100048dc        0xc CMakeFiles/chorgan.dir/C_/Users/andyu/.pico-sdk/sdk/2.2.0/src/rp2_common/pico_standard_binary_info/standard_binary_info.c.obj
 .rodata.__bi_54
                0x100048e8        0xc CMakeFiles/chorgan.dir/C_/Users/andyu/.pico-sdk/sdk/2.2.0/src/rp2_common/pico_standard_binary_info/standard_binary_info.c.obj
 .rodata.__bi_48
                0x100048f4        0xc CMakeFiles/chorgan.dir/C_/Users/andyu/.pico-sdk/sdk/2.2.0/src/rp2_common/pico_standard_binary_info/standard_binary_info.c.obj
 .rodata.__bi_42
                0x10004900        0xc CMakeFiles/chorgan.dir/C_/Users/andyu/.pico-sdk/sdk/2.2.0/src/rp2_common/pico_standard_binary_info/standard_binary_info.c.obj
 .rodata.__bi_34
                0x1000490c        0xc CMakeFiles/chorgan.dir/C_/Users/andyu/.pico-sdk/sdk/2.2.0/src/rp2_common/pico_standard_binary_info/standard_binary_info.c.obj
 .rodata.__bi_26
                0x10004918        0xc CMakeFiles/chorgan.dir/C_/Users/andyu/.pico-sdk/sdk/2.2.0/src/rp2_common/pico_standard_binary_info/standard_binary_info.c.obj
 .rodata.crlf_str.0
                0x10004924        0x2 CMakeFiles/chorgan.dir/C_/Users/andyu/.pico-sdk/sdk/2.2.0/src/rp2_common/pico_stdio/stdio.c.obj
 .rodata.dma_claim_unused_channel.str1.4
                0x10004926       0x1e CMakeFiles/chorgan.dir/C_/Users/andyu/.pico-sdk/sdk/2.2.0/src/rp2_common/hardware_dma/dma.c.obj
                0x10004944                        . = ALIGN (0x4)
 *fill*         0x10004926        0x2 
 *(SORT_BY_ALIGNMENT(SORT_BY_NAME(.flashdata*)))
                0x10004928                        . = ALIGN (0x4)

.ARM.extab
 *(.ARM.extab* .gnu.linkonce.armextab.*)
                0x10004928                        __exidx_start = .

.ARM.exidx
 *(.ARM.exidx* .gnu.linkonce.armexidx.*)
                0x10004928                        __exidx_end = .
                0x10004928                        . = ALIGN (0x4)
                0x10004928                        __binary_info_start = .

.binary_info    0x10004928       0x1c
 *(.binary_info.keep.*)
 .binary_info.keep.__bi_ptr84
                0x10004928        0x4 CMakeFiles/chorgan.dir/C_/Users/andyu/.pico-sdk/sdk/2.2.0/src/rp2_common/pico_standard_binary_info/standard_binary_info.c.obj
 .binary_info.keep.__bi_ptr78
                0x1000492c        0x4 CMakeFiles/chorgan.dir/C_/Users/andyu/.pico-sdk/sdk/2.2.0/src/rp2_common/pico_standard_binary_info/standard_binary_info.c.obj
 .binary_info.keep.__bi_ptr54
                0x10004930        0x4 CMakeFiles/chorgan.dir/C_/Users/andyu/.pico-sdk/sdk/2.2.0/src/rp2_common/pico_standard_binary_info/standard_binary_info.c.obj
 .binary_info.keep.__bi_ptr48
                0x10004934        0x4 CMakeFiles/chorgan.dir/C_/Users/andyu/.pico-sdk/sdk/2.2.0/src/rp2_common/pico_standard_binary_info/standard_binary_info.c.obj
 .binary_info.keep.__bi_ptr42
                0x10004938        0x4 CMakeFiles/chorgan.dir/C_/Users/andyu/.pico-sdk/sdk/2.2.0/src/rp2_common/pico_standard_binary_info/standard_binary_info.c.obj
 .binary_info.keep.__bi_ptr34
                0x1000493c        0x4 CMakeFiles/chorgan.dir/C_/Users/andyu/.pico-sdk/sdk/2.2.0/src/rp2_common/pico_standard_binary_info/standard_binary_info.c.obj
 .binary_info.keep.__bi_ptr26
                0x10004940        0x4 CMakeFiles/chorgan.dir/C_/Users/andyu/.pico-sdk/sdk/2.2.0/src/rp2_common/pico_standard_binary_info/standard_binary_info.c.obj
 *(.binary_info.*)
                0x10004944                        __binary_info_end = .
                0x10004944                        . = ALIGN (0x4)

.ram_vector_table
                0x20000000       0xc0
 *(.ram_vector_table)
 .ram_vector_table
                0x20000000       0xc0 CMakeFiles/chorgan.dir/C_/Users/andyu/.pico-sdk/sdk/2.2.0/src/rp2_common/pico_runtime_init/runtime_init.c.obj
                0x20000000                ram_vector_table

.uninitialized_data
                0x200000c0        0x0
                0x200000c0                        . = ALIGN (0x4)
 *(.uninitialized_data*)

.data           0x200000c0     0x1a80 load address 0x10004944
                0x200000c0                        __data_start__ = .
 *(vtable)
 *(.time_critical*)
 .time_critical.ProcessSample
                0x200000c0      0xda8 CMakeFiles/chorgan.dir/main.cpp.obj
                0x200000c0                ChorganCard::ProcessSample()
 .time_critical.ComputerCard::AudioWorker
                0x20000e68      0x20c CMakeFiles/chorgan.dir/main.cpp.obj
                0x20000e68                ComputerCard::AudioWorker()
 .time_critical.ComputerCard::BufferFull
                0x20001074      0x6b8 CMakeFiles/chorgan.dir/main.cpp.obj
                0x20001074                ComputerCard::BufferFull()
 .time_critical.flash_init_boot2_copyout
                0x2000172c       0x30 CMakeFiles/chorgan.dir/C_/Users/andyu/.pico-sdk/sdk/2.2.0/src/rp2_common/hardware_flash/flash.c.obj
 .time_critical.flash_enable_xip_via_boot2
                0x2000175c        0xc CMakeFiles/chorgan.dir/C_/Users/andyu/.pico-sdk/sdk/2.2.0/src/rp2_common/hardware_flash/flash.c.obj
 .time_critical.flash_save_hardware_state
                0x20001768       0x20 CMakeFiles/chorgan.dir/C_/Users/andyu/.pico-sdk/sdk/2.2.0/src/rp2_common/hardware_flash/flash.c.obj
 .time_critical.flash_restore_hardware_state
                0x20001788       0x20 CMakeFiles/chorgan.dir/C_/Users/andyu/.pico-sdk/sdk/2.2.0/src/rp2_common/hardware_flash/flash.c.obj
 .time_critical.flash_cs_force
                0x200017a8       0x38 CMakeFiles/chorgan.dir/C_/Users/andyu/.pico-sdk/sdk/2.2.0/src/rp2_common/hardware_flash/flash.c.obj
 .time_critical.flash_do_cmd
                0x200017e0      0x13c CMakeFiles/chorgan.dir/C_/Users/andyu/.pico-sdk/sdk/2.2.0/src/rp2_common/hardware_flash/flash.c.obj
                0x200017e0                flash_do_cmd
 .time_critical.mutex_try_enter_block_until
                0x2000191c       0x98 CMakeFiles/chorgan.dir/C_/Users/andyu/.pico-sdk/sdk/2.2.0/src/common/pico_sync/mutex.c.obj
                0x2000191c                mutex_try_enter_block_until
 .time_critical.mutex_exit
                0x200019b4       0x28 CMakeFiles/chorgan.dir/C_/Users/andyu/.pico-sdk/sdk/2.2.0/src/common/pico_sync/mutex.c.obj
                0x200019b4                mutex_exit
 *(.text*)
 .text          0x200019dc        0x4 C:/Users/andyu/.pico-sdk/toolchain/14_2_Rel1/bin/../lib/gcc/arm-none-eabi/14.2.1/thumb/v6-m/nofp\libgcc.a(_dvmd_tls.o)
                0x200019dc                __aeabi_idiv0
                0x200019dc                __aeabi_ldiv0
 .text.__stub   0x200019e0       0xb0 linker stubs
                0x20001a90                        . = ALIGN (0x4)
 *(.rodata*)
                0x20001a90                        . = ALIGN (0x4)
 *(.data*)
 .data._ZZN12ComputerCard10BufferFullEvE14startupCounter
                0x20001a90        0x4 CMakeFiles/chorgan.dir/main.cpp.obj
 .data._ZZN12ComputerCard15next_norm_probeEvE8lcg_seed
                0x20001a94        0x4 CMakeFiles/chorgan.dir/main.cpp.obj
 .data._ZN12ComputerCard7cvValueE
                0x20001a98        0x8 CMakeFiles/chorgan.dir/main.cpp.obj
                0x20001a98                ComputerCard::cvValue
 .data.striped_spin_lock_num
                0x20001aa0        0x1 CMakeFiles/chorgan.dir/C_/Users/andyu/.pico-sdk/sdk/2.2.0/src/rp2_common/hardware_sync/sync.c.obj
 *fill*         0x20001aa1        0x3 
 .data.default_alarm_pool
                0x20001aa4       0x18 CMakeFiles/chorgan.dir/C_/Users/andyu/.pico-sdk/sdk/2.2.0/src/common/pico_time/time.c.obj
 .data          0x20001abc       0x48 CMakeFiles/chorgan.dir/C_/Users/andyu/.pico-sdk/sdk/2.2.0/src/rp2_common/hardware_irq/irq_handler_chain.S.obj
                0x20001abc                irq_handler_chain_slots
                0x20001aec                irq_handler_chain_first_slot
                0x20001af6                irq_handler_chain_remove_tail
 *fill*         0x20001b04        0xc 
 .data.aeabi_bits_funcs
                0x20001b10       0x10 CMakeFiles/chorgan.dir/C_/Users/andyu/.pico-sdk/sdk/2.2.0/src/rp2_common/pico_bit_ops/bit_ops_aeabi.S.obj
                0x20001b10                aeabi_bits_funcs
                0x20001b20                aeabi_bits_funcs_end
 .data.aeabi_mem_funcs
                0x20001b20       0x10 CMakeFiles/chorgan.dir/C_/Users/andyu/.pico-sdk/sdk/2.2.0/src/rp2_common/pico_mem_ops/mem_ops_aeabi.S.obj
                0x20001b20                aeabi_mem_funcs
                0x20001b30                aeabi_mem_funcs_end
 .data.i2c0_inst
                0x20001b30        0x8 CMakeFiles/chorgan.dir/C_/Users/andyu/.pico-sdk/sdk/2.2.0/src/rp2_common/hardware_i2c/i2c.c.obj
                0x20001b30                i2c0_inst
                0x20001b38                        . = ALIGN (0x4)
 *(.after_data.*)
                0x20001b38                        . = ALIGN (0x4)
                0x20001b38                        PROVIDE (__mutex_array_start = .)
 *(SORT_BY_NAME(.mutex_array.*))
 *(.mutex_array)
 .mutex_array   0x20001b38        0x8 CMakeFiles/chorgan.dir/C_/Users/andyu/.pico-sdk/sdk/2.2.0/src/rp2_common/pico_stdio/stdio.c.obj
                0x20001b40                        PROVIDE (__mutex_array_end = .)
                0x20001b40                        . = ALIGN (0x4)
 *(.jcr)
                0x20001b40                        . = ALIGN (0x4)

.tm_clone_table
                0x20001b40        0x0 load address 0x100063c4
 .tm_clone_table
                0x20001b40        0x0 C:/Users/andyu/.pico-sdk/toolchain/14_2_Rel1/bin/../lib/gcc/arm-none-eabi/14.2.1/thumb/v6-m/nofp/crtbegin.o
 .tm_clone_table
                0x20001b40        0x0 C:/Users/andyu/.pico-sdk/toolchain/14_2_Rel1/bin/../lib/gcc/arm-none-eabi/14.2.1/thumb/v6-m/nofp/crtend.o

.igot.plt       0x20001b40        0x0 load address 0x100063c4
 .igot.plt      0x20001b40        0x0 C:/Users/andyu/.pico-sdk/toolchain/14_2_Rel1/bin/../lib/gcc/arm-none-eabi/14.2.1/thumb/v6-m/nofp/crtbegin.o

.tdata          0x20001b40        0x0 load address 0x100063c4
                0x20001b40                        . = ALIGN (0x4)
 *(.tdata .tdata.* .gnu.linkonce.td.*)
                0x20001b40                        __tdata_end = .
                0x20001b40                        PROVIDE (__data_end__ = .)
                0x10004944                        __etext = LOADADDR (.data)

.tbss           0x20001b40        0x0 load address 0x100063c4
                0x20001b40                        . = ALIGN (0x4)
                0x20001b40                        __bss_start__ = .
                0x20001b40                        __tls_base = .
 *(.tbss .tbss.* .gnu.linkonce.tb.*)
 *(.tcommon)
                0x20001b40                        __tls_end = .

.bss            0x20001b40      0x794 load address 0x100063c4
                0x20001b40                        . = ALIGN (0x4)
                0x20001b40                        __tbss_end = .
 *(SORT_BY_ALIGNMENT(SORT_BY_NAME(.bss*)))
 .bss.card      0x20001b40      0x270 CMakeFiles/chorgan.dir/main.cpp.obj
                0x20001b40                card
 .bss.default_alarm_pool_entries
                0x20001db0      0x180 CMakeFiles/chorgan.dir/C_/Users/andyu/.pico-sdk/sdk/2.2.0/src/common/pico_time/time.c.obj
 .bss.sd_table  0x20001f30      0x100 CMakeFiles/chorgan.dir/C_/Users/andyu/.pico-sdk/sdk/2.2.0/src/rp2_common/pico_double/double_init_rom_rp2040.c.obj
                0x20001f30                sd_table
 .bss.sf_table  0x20002030      0x100 CMakeFiles/chorgan.dir/C_/Users/andyu/.pico-sdk/sdk/2.2.0/src/rp2_common/pico_float/float_init_rom_rp2040.c.obj
                0x20002030                sf_table
 .bss._ZN12ComputerCard7thisptrE
                0x20002130        0x4 CMakeFiles/chorgan.dir/main.cpp.obj
                0x20002130                ComputerCard::thisptr
 .bss._ZZN12ComputerCard10BufferFullEvE16norm_probe_count
                0x20002134        0x4 CMakeFiles/chorgan.dir/main.cpp.obj
 .bss._ZZN12ComputerCard10BufferFullEvE2np
                0x20002138        0x4 CMakeFiles/chorgan.dir/main.cpp.obj
 .bss._ZZN12ComputerCard10BufferFullEvE4cvsm
                0x2000213c        0x8 CMakeFiles/chorgan.dir/main.cpp.obj
 .bss._ZZN12ComputerCard10BufferFullEvE7knobssm
                0x20002144       0x10 CMakeFiles/chorgan.dir/main.cpp.obj
 .bss._ZZN12ComputerCard10BufferFullEvE9mux_state
                0x20002154        0x4 CMakeFiles/chorgan.dir/main.cpp.obj
 .bss._ZZN12ComputerCard11OnCVPWMWrapEvE6error1
                0x20002158        0x4 CMakeFiles/chorgan.dir/main.cpp.obj
                0x20002158                ComputerCard::OnCVPWMWrap()::error1
 .bss._ZZN12ComputerCard11OnCVPWMWrapEvE6error2
                0x2000215c        0x4 CMakeFiles/chorgan.dir/main.cpp.obj
                0x2000215c                ComputerCard::OnCVPWMWrap()::error2
 .bss.boot2_copyout
                0x20002160      0x100 CMakeFiles/chorgan.dir/C_/Users/andyu/.pico-sdk/sdk/2.2.0/src/rp2_common/hardware_flash/flash.c.obj
 .bss.claimed   0x20002260        0x1 CMakeFiles/chorgan.dir/C_/Users/andyu/.pico-sdk/sdk/2.2.0/src/rp2_common/hardware_timer/timer.c.obj
 *fill*         0x20002261        0x3 
 .bss.configured_freq
                0x20002264       0x28 CMakeFiles/chorgan.dir/C_/Users/andyu/.pico-sdk/sdk/2.2.0/src/rp2_common/hardware_clocks/clocks.c.obj
 .bss.drivers   0x2000228c        0x4 CMakeFiles/chorgan.dir/C_/Users/andyu/.pico-sdk/sdk/2.2.0/src/rp2_common/pico_stdio/stdio.c.obj
 .bss.filter    0x20002290        0x4 CMakeFiles/chorgan.dir/C_/Users/andyu/.pico-sdk/sdk/2.2.0/src/rp2_common/pico_stdio/stdio.c.obj
 .bss.lazy_vsnprintf
                0x20002294        0x4 CMakeFiles/chorgan.dir/C_/Users/andyu/.pico-sdk/sdk/2.2.0/src/rp2_common/pico_printf/printf.c.obj
 .bss.object.0  0x20002298       0x18 C:/Users/andyu/.pico-sdk/toolchain/14_2_Rel1/bin/../lib/gcc/arm-none-eabi/14.2.1/thumb/v6-m/nofp/crtbegin.o
 .bss.pools     0x200022b0       0x10 CMakeFiles/chorgan.dir/C_/Users/andyu/.pico-sdk/sdk/2.2.0/src/common/pico_time/time.c.obj
 .bss.retrieved_id
                0x200022c0        0x8 CMakeFiles/chorgan.dir/C_/Users/andyu/.pico-sdk/sdk/2.2.0/src/rp2_common/pico_unique_id/unique_id.c.obj
 .bss.sf_clz_func
                0x200022c8        0x4 CMakeFiles/chorgan.dir/C_/Users/andyu/.pico-sdk/sdk/2.2.0/src/rp2_common/pico_double/double_init_rom_rp2040.c.obj
                0x200022c8                sf_clz_func
 .bss.sleep_notifier
                0x200022cc        0x4 CMakeFiles/chorgan.dir/C_/Users/andyu/.pico-sdk/sdk/2.2.0/src/common/pico_time/time.c.obj
 .bss._claimed  0x200022d0        0x2 CMakeFiles/chorgan.dir/C_/Users/andyu/.pico-sdk/sdk/2.2.0/src/rp2_common/hardware_dma/dma.c.obj
 .bss.boot2_copyout_valid
                0x200022d2        0x1 CMakeFiles/chorgan.dir/C_/Users/andyu/.pico-sdk/sdk/2.2.0/src/rp2_common/hardware_flash/flash.c.obj
 .bss.irq_handler_chain_free_slot_head
                0x200022d3        0x1 CMakeFiles/chorgan.dir/C_/Users/andyu/.pico-sdk/sdk/2.2.0/src/rp2_common/hardware_irq/irq.c.obj
 *(COMMON)
                0x200022d4                        . = ALIGN (0x4)
                0x200022d4                        __bss_end__ = .

.heap           0x200022d4      0x800 load address 0x100063c4
                0x200022d4                        __end__ = .
                0x200022d4                        end = __end__
 *(.heap*)
 .heap          0x200022d4      0x800 CMakeFiles/chorgan.dir/C_/Users/andyu/.pico-sdk/sdk/2.2.0/src/rp2_common/pico_crt0/crt0.S.obj
                0x20040000                        __HeapLimit = (ORIGIN (RAM) + LENGTH (RAM))

.scratch_x      0x20040000        0x0 load address 0x100063c4
                0x20040000                        __scratch_x_start__ = .
 *(.scratch_x.*)
                0x20040000                        . = ALIGN (0x4)
                0x20040000                        __scratch_x_end__ = .
                0x100063c4                        __scratch_x_source__ = LOADADDR (.scratch_x)

.scratch_y      0x20041000        0x0 load address 0x100063c4
                0x20041000                        __scratch_y_start__ = .
 *(.scratch_y.*)
                0x20041000                        . = ALIGN (0x4)
                0x20041000                        __scratch_y_end__ = .
                0x100063c4                        __scratch_y_source__ = LOADADDR (.scratch_y)

.stack1_dummy
 *(.stack1*)

.stack_dummy    0x20041000      0x800
 *(.stack*)
 .stack         0x20041000      0x800 CMakeFiles/chorgan.dir/C_/Users/andyu/.pico-sdk/sdk/2.2.0/src/rp2_common/pico_crt0/crt0.S.obj

.rel.dyn        0x20041800        0x0
 .rel.iplt      0x20041800        0x0 C:/Users/andyu/.pico-sdk/toolchain/14_2_Rel1/bin/../lib/gcc/arm-none-eabi/14.2.1/thumb/v6-m/nofp/crtbegin.o

.flash_end      0x100063c4        0x0
 *(.embedded_end_block*)
                0x100063c4                        PROVIDE (__flash_binary_end = .)
                0x20040000                        __StackLimit = (ORIGIN (RAM) + LENGTH (RAM))
                0x20041000                        __StackOneTop = (ORIGIN (SCRATCH_X) + LENGTH (SCRATCH_X))
                0x20042000                        __StackTop = (ORIGIN (SCRATCH_Y) + LENGTH (SCRATCH_Y))
                0x20041000                        __StackOneBottom = (__StackOneTop - SIZEOF (.stack1_dummy))
                0x20041800                        __StackBottom = (__StackTop - SIZEOF (.stack_dummy))
                0x20042000                        PROVIDE (__stack = __StackTop)
                [!provide]                        PROVIDE (__heap_start = __end__)
                [!provide]                        PROVIDE (__heap_end = __HeapLimit)
                [!provide]                        PROVIDE (__tls_align = MAX (ALIGNOF (.tdata), ALIGNOF (.tbss)))
                [!provide]                        PROVIDE (__tls_size_align = (((__tls_size + __tls_align) - 0x1) & ~ ((__tls_align - 0x1))))
                [!provide]                        PROVIDE (__arm32_tls_tcb_offset = MAX (0x8, __tls_align))
                [!provide]                        PROVIDE (_end = __end__)
                [!provide]                        PROVIDE (__llvm_libc_heap_limit = __HeapLimit)
                0x00000001                        ASSERT ((__StackLimit >= __HeapLimit), region RAM overflowed)
                0x00000001                        ASSERT (((__binary_info_header_end - __logical_binary_start) <= 0x100), Binary info must be in first 256 bytes of the binary)
LOAD CMakeFiles/chorgan.dir/main.cpp.obj
LOAD CMakeFiles/chorgan.dir/C_/Users/andyu/.pico-sdk/sdk/2.2.0/src/rp2_common/pico_unique_id/unique_id.c.obj
LOAD CMakeFiles/chorgan.dir/C_/Users/andyu/.pico-sdk/sdk/2.2.0/src/rp2_common/hardware_flash/flash.c.obj
LOAD CMakeFiles/chorgan.dir/C_/Users/andyu/.pico-sdk/sdk/2.2.0/src/rp2040/pico_platform/platform.c.obj
LOAD CMakeFiles/chorgan.dir/C_/Users/andyu/.pico-sdk/sdk/2.2.0/src/rp2_common/pico_platform_common/common.c.obj
LOAD CMakeFiles/chorgan.dir/C_/Users/andyu/.pico-sdk/sdk/2.2.0/src/rp2_common/pico_platform_panic/panic.c.obj
LOAD CMakeFiles/chorgan.dir/C_/Users/andyu/.pico-sdk/sdk/2.2.0/src/common/hardware_claim/claim.c.obj
LOAD CMakeFiles/chorgan.dir/C_/Users/andyu/.pico-sdk/sdk/2.2.0/src/rp2_common/hardware_sync/sync.c.obj
LOAD CMakeFiles/chorgan.dir/C_/Users/andyu/.pico-sdk/sdk/2.2.0/src/rp2_common/hardware_sync_spin_lock/sync_spin_lock.c.obj
LOAD CMakeFiles/chorgan.dir/C_/Users/andyu/.pico-sdk/sdk/2.2.0/src/rp2_common/pico_bootrom/bootrom.c.obj
LOAD CMakeFiles/chorgan.dir/C_/Users/andyu/.pico-sdk/sdk/2.2.0/src/rp2_common/pico_bootrom/bootrom_lock.c.obj
LOAD CMakeFiles/chorgan.dir/C_/Users/andyu/.pico-sdk/sdk/2.2.0/src/rp2_common/hardware_boot_lock/boot_lock.c.obj
LOAD CMakeFiles/chorgan.dir/C_/Users/andyu/.pico-sdk/sdk/2.2.0/src/rp2_common/pico_flash/flash.c.obj
LOAD CMakeFiles/chorgan.dir/C_/Users/andyu/.pico-sdk/sdk/2.2.0/src/common/pico_time/time.c.obj
LOAD CMakeFiles/chorgan.dir/C_/Users/andyu/.pico-sdk/sdk/2.2.0/src/common/pico_time/timeout_helper.c.obj
LOAD CMakeFiles/chorgan.dir/C_/Users/andyu/.pico-sdk/sdk/2.2.0/src/rp2_common/hardware_timer/timer.c.obj
LOAD CMakeFiles/chorgan.dir/C_/Users/andyu/.pico-sdk/sdk/2.2.0/src/rp2_common/hardware_irq/irq.c.obj
LOAD CMakeFiles/chorgan.dir/C_/Users/andyu/.pico-sdk/sdk/2.2.0/src/rp2_common/hardware_irq/irq_handler_chain.S.obj
LOAD CMakeFiles/chorgan.dir/C_/Users/andyu/.pico-sdk/sdk/2.2.0/src/common/pico_sync/sem.c.obj
LOAD CMakeFiles/chorgan.dir/C_/Users/andyu/.pico-sdk/sdk/2.2.0/src/common/pico_sync/lock_core.c.obj
LOAD CMakeFiles/chorgan.dir/C_/Users/andyu/.pico-sdk/sdk/2.2.0/src/common/pico_sync/mutex.c.obj
LOAD CMakeFiles/chorgan.dir/C_/Users/andyu/.pico-sdk/sdk/2.2.0/src/common/pico_sync/critical_section.c.obj
LOAD CMakeFiles/chorgan.dir/C_/Users/andyu/.pico-sdk/sdk/2.2.0/src/common/pico_util/datetime.c.obj
LOAD CMakeFiles/chorgan.dir/C_/Users/andyu/.pico-sdk/sdk/2.2.0/src/common/pico_util/pheap.c.obj
LOAD CMakeFiles/chorgan.dir/C_/Users/andyu/.pico-sdk/sdk/2.2.0/src/common/pico_util/queue.c.obj
LOAD CMakeFiles/chorgan.dir/C_/Users/andyu/.pico-sdk/sdk/2.2.0/src/rp2_common/hardware_xip_cache/xip_cache.c.obj
LOAD CMakeFiles/chorgan.dir/C_/Users/andyu/.pico-sdk/sdk/2.2.0/src/rp2_common/pico_stdlib/stdlib.c.obj
LOAD CMakeFiles/chorgan.dir/C_/Users/andyu/.pico-sdk/sdk/2.2.0/src/rp2_common/hardware_gpio/gpio.c.obj
LOAD CMakeFiles/chorgan.dir/C_/Users/andyu/.pico-sdk/sdk/2.2.0/src/rp2_common/hardware_uart/uart.c.obj
LOAD CMakeFiles/chorgan.dir/C_/Users/andyu/.pico-sdk/sdk/2.2.0/src/rp2_common/hardware_clocks/clocks.c.obj
LOAD CMakeFiles/chorgan.dir/C_/Users/andyu/.pico-sdk/sdk/2.2.0/src/rp2_common/hardware_pll/pll.c.obj
LOAD CMakeFiles/chorgan.dir/C_/Users/andyu/.pico-sdk/sdk/2.2.0/src/rp2_common/hardware_vreg/vreg.c.obj
LOAD CMakeFiles/chorgan.dir/C_/Users/andyu/.pico-sdk/sdk/2.2.0/src/rp2_common/hardware_watchdog/watchdog.c.obj
LOAD CMakeFiles/chorgan.dir/C_/Users/andyu/.pico-sdk/sdk/2.2.0/src/rp2_common/hardware_ticks/ticks.c.obj
LOAD CMakeFiles/chorgan.dir/C_/Users/andyu/.pico-sdk/sdk/2.2.0/src/rp2_common/hardware_xosc/xosc.c.obj
LOAD CMakeFiles/chorgan.dir/C_/Users/andyu/.pico-sdk/sdk/2.2.0/src/rp2_common/hardware_divider/divider.S.obj
LOAD CMakeFiles/chorgan.dir/C_/Users/andyu/.pico-sdk/sdk/2.2.0/src/rp2_common/pico_runtime/runtime.c.obj
LOAD CMakeFiles/chorgan.dir/C_/Users/andyu/.pico-sdk/sdk/2.2.0/src/rp2_common/pico_runtime_init/runtime_init.c.obj
LOAD CMakeFiles/chorgan.dir/C_/Users/andyu/.pico-sdk/sdk/2.2.0/src/rp2_common/pico_runtime_init/runtime_init_clocks.c.obj
LOAD CMakeFiles/chorgan.dir/C_/Users/andyu/.pico-sdk/sdk/2.2.0/src/rp2_common/pico_runtime_init/runtime_init_stack_guard.c.obj
LOAD CMakeFiles/chorgan.dir/C_/Users/andyu/.pico-sdk/sdk/2.2.0/src/rp2_common/pico_bit_ops/bit_ops_aeabi.S.obj
LOAD CMakeFiles/chorgan.dir/C_/Users/andyu/.pico-sdk/sdk/2.2.0/src/rp2_common/pico_divider/divider_hardware.S.obj
LOAD CMakeFiles/chorgan.dir/C_/Users/andyu/.pico-sdk/sdk/2.2.0/src/rp2_common/pico_double/double_aeabi_rp2040.S.obj
LOAD CMakeFiles/chorgan.dir/C_/Users/andyu/.pico-sdk/sdk/2.2.0/src/rp2_common/pico_double/double_init_rom_rp2040.c.obj
LOAD CMakeFiles/chorgan.dir/C_/Users/andyu/.pico-sdk/sdk/2.2.0/src/rp2_common/pico_double/double_math.c.obj
LOAD CMakeFiles/chorgan.dir/C_/Users/andyu/.pico-sdk/sdk/2.2.0/src/rp2_common/pico_double/double_v1_rom_shim_rp2040.S.obj
LOAD CMakeFiles/chorgan.dir/C_/Users/andyu/.pico-sdk/sdk/2.2.0/src/rp2_common/pico_int64_ops/pico_int64_ops_aeabi.S.obj
LOAD CMakeFiles/chorgan.dir/C_/Users/andyu/.pico-sdk/sdk/2.2.0/src/rp2_common/pico_float/float_aeabi_rp2040.S.obj
LOAD CMakeFiles/chorgan.dir/C_/Users/andyu/.pico-sdk/sdk/2.2.0/src/rp2_common/pico_float/float_init_rom_rp2040.c.obj
LOAD CMakeFiles/chorgan.dir/C_/Users/andyu/.pico-sdk/sdk/2.2.0/src/rp2_common/pico_float/float_math.c.obj
LOAD CMakeFiles/chorgan.dir/C_/Users/andyu/.pico-sdk/sdk/2.2.0/src/rp2_common/pico_float/float_v1_rom_shim_rp2040.S.obj
LOAD CMakeFiles/chorgan.dir/C_/Users/andyu/.pico-sdk/sdk/2.2.0/src/rp2_common/pico_malloc/malloc.c.obj
LOAD CMakeFiles/chorgan.dir/C_/Users/andyu/.pico-sdk/sdk/2.2.0/src/rp2_common/pico_mem_ops/mem_ops_aeabi.S.obj
LOAD CMakeFiles/chorgan.dir/C_/Users/andyu/.pico-sdk/sdk/2.2.0/src/rp2_common/pico_atomic/atomic.c.obj
LOAD CMakeFiles/chorgan.dir/C_/Users/andyu/.pico-sdk/sdk/2.2.0/src/rp2_common/pico_cxx_options/new_delete.cpp.obj
LOAD CMakeFiles/chorgan.dir/C_/Users/andyu/.pico-sdk/sdk/2.2.0/src/rp2_common/pico_standard_binary_info/standard_binary_info.c.obj
LOAD CMakeFiles/chorgan.dir/C_/Users/andyu/.pico-sdk/sdk/2.2.0/src/rp2_common/pico_printf/printf.c.obj
LOAD CMakeFiles/chorgan.dir/C_/Users/andyu/.pico-sdk/sdk/2.2.0/src/rp2_common/pico_crt0/crt0.S.obj
LOAD CMakeFiles/chorgan.dir/C_/Users/andyu/.pico-sdk/sdk/2.2.0/src/rp2_common/pico_clib_interface/newlib_interface.c.obj
LOAD CMakeFiles/chorgan.dir/C_/Users/andyu/.pico-sdk/sdk/2.2.0/src/rp2_common/pico_stdio/stdio.c.obj
LOAD CMakeFiles/chorgan.dir/C_/Users/andyu/.pico-sdk/sdk/2.2.0/src/rp2_common/pico_stdio_uart/stdio_uart.c.obj
LOAD CMakeFiles/chorgan.dir/C_/Users/andyu/.pico-sdk/sdk/2.2.0/src/rp2_common/hardware_dma/dma.c.obj
LOAD CMakeFiles/chorgan.dir/C_/Users/andyu/.pico-sdk/sdk/2.2.0/src/rp2_common/hardware_i2c/i2c.c.obj
LOAD CMakeFiles/chorgan.dir/C_/Users/andyu/.pico-sdk/sdk/2.2.0/src/rp2_common/hardware_adc/adc.c.obj
LOAD CMakeFiles/chorgan.dir/C_/Users/andyu/.pico-sdk/sdk/2.2.0/src/rp2_common/hardware_spi/spi.c.obj
LOAD pico-sdk/src/rp2040/boot_stage2/CMakeFiles/bs2_default_library.dir/./bs2_default_padded_checksummed.S.obj
LOAD C:/Users/andyu/.pico-sdk/toolchain/14_2_Rel1/bin/../lib/gcc/arm-none-eabi/14.2.1/thumb/v6-m/nofp\libstdc++.a
LOAD C:/Users/andyu/.pico-sdk/toolchain/14_2_Rel1/bin/../lib/gcc/arm-none-eabi/14.2.1/thumb/v6-m/nofp\libm.a
START GROUP
LOAD C:/Users/andyu/.pico-sdk/toolchain/14_2_Rel1/bin/../lib/gcc/arm-none-eabi/14.2.1/thumb/v6-m/nofp\libgcc.a
LOAD C:/Users/andyu/.pico-sdk/toolchain/14_2_Rel1/bin/../lib/gcc/arm-none-eabi/14.2.1/thumb/v6-m/nofp\libg.a
LOAD C:/Users/andyu/.pico-sdk/toolchain/14_2_Rel1/bin/../lib/gcc/arm-none-eabi/14.2.1/thumb/v6-m/nofp\libc.a
END GROUP
START GROUP
LOAD C:/Users/andyu/.pico-sdk/toolchain/14_2_Rel1/bin/../lib/gcc/arm-none-eabi/14.2.1/thumb/v6-m/nofp\libgcc.a
LOAD C:/Users/andyu/.pico-sdk/toolchain/14_2_Rel1/bin/../lib/gcc/arm-none-eabi/14.2.1/thumb/v6-m/nofp\libc.a
LOAD C:/Users/andyu/.pico-sdk/toolchain/14_2_Rel1/bin/../lib/gcc/arm-none-eabi/14.2.1/thumb/v6-m/nofp\libnosys.a
END GROUP
LOAD C:/Users/andyu/.pico-sdk/toolchain/14_2_Rel1/bin/../lib/gcc/arm-none-eabi/14.2.1/thumb/v6-m/nofp/crtend.o
LOAD C:/Users/andyu/.pico-sdk/toolchain/14_2_Rel1/bin/../lib/gcc/arm-none-eabi/14.2.1/thumb/v6-m/nofp/crtn.o
OUTPUT(chorgan.elf elf32-littlearm)
LOAD linker stubs

.ARM.attributes
                0x00000000       0x28
 .ARM.attributes
                0x00000000       0x1e C:/Users/andyu/.pico-sdk/toolchain/14_2_Rel1/bin/../lib/gcc/arm-none-eabi/14.2.1/thumb/v6-m/nofp/crti.o
 .ARM.attributes
                0x0000001e       0x2c C:/Users/andyu/.pico-sdk/toolchain/14_2_Rel1/bin/../lib/gcc/arm-none-eabi/14.2.1/thumb/v6-m/nofp/crtbegin.o
 .ARM.attributes
                0x0000004a       0x2c CMakeFiles/chorgan.dir/main.cpp.obj
 .ARM.attributes
                0x00000076       0x2c CMakeFiles/chorgan.dir/C_/Users/andyu/.pico-sdk/sdk/2.2.0/src/rp2_common/pico_unique_id/unique_id.c.obj
 .ARM.attributes
                0x000000a2       0x2c CMakeFiles/chorgan.dir/C_/Users/andyu/.pico-sdk/sdk/2.2.0/src/rp2_common/hardware_flash/flash.c.obj
 .ARM.attributes
                0x000000ce       0x2c CMakeFiles/chorgan.dir/C_/Users/andyu/.pico-sdk/sdk/2.2.0/src/rp2_common/pico_platform_panic/panic.c.obj
 .ARM.attributes
                0x000000fa       0x2c CMakeFiles/chorgan.dir/C_/Users/andyu/.pico-sdk/sdk/2.2.0/src/common/hardware_claim/claim.c.obj
 .ARM.attributes
                0x00000126       0x2c CMakeFiles/chorgan.dir/C_/Users/andyu/.pico-sdk/sdk/2.2.0/src/rp2_common/hardware_sync/sync.c.obj
 .ARM.attributes
                0x00000152       0x2c CMakeFiles/chorgan.dir/C_/Users/andyu/.pico-sdk/sdk/2.2.0/src/rp2_common/hardware_sync_spin_lock/sync_spin_lock.c.obj
 .ARM.attributes
                0x0000017e       0x2c CMakeFiles/chorgan.dir/C_/Users/andyu/.pico-sdk/sdk/2.2.0/src/rp2_common/pico_bootrom/bootrom.c.obj
 .ARM.attributes
                0x000001aa       0x2c CMakeFiles/chorgan.dir/C_/Users/andyu/.pico-sdk/sdk/2.2.0/src/common/pico_time/time.c.obj
 .ARM.attributes
                0x000001d6       0x2c CMakeFiles/chorgan.dir/C_/Users/andyu/.pico-sdk/sdk/2.2.0/src/common/pico_time/timeout_helper.c.obj
 .ARM.attributes
                0x00000202       0x2c CMakeFiles/chorgan.dir/C_/Users/andyu/.pico-sdk/sdk/2.2.0/src/rp2_common/hardware_timer/timer.c.obj
 .ARM.attributes
                0x0000022e       0x2c CMakeFiles/chorgan.dir/C_/Users/andyu/.pico-sdk/sdk/2.2.0/src/rp2_common/hardware_irq/irq.c.obj
 .ARM.attributes
                0x0000025a       0x22 CMakeFiles/chorgan.dir/C_/Users/andyu/.pico-sdk/sdk/2.2.0/src/rp2_common/hardware_irq/irq_handler_chain.S.obj
 .ARM.attributes
                0x0000027c       0x2c CMakeFiles/chorgan.dir/C_/Users/andyu/.pico-sdk/sdk/2.2.0/src/common/pico_sync/lock_core.c.obj
 .ARM.attributes
                0x000002a8       0x2c CMakeFiles/chorgan.dir/C_/Users/andyu/.pico-sdk/sdk/2.2.0/src/common/pico_sync/mutex.c.obj
 .ARM.attributes
                0x000002d4       0x2c CMakeFiles/chorgan.dir/C_/Users/andyu/.pico-sdk/sdk/2.2.0/src/rp2_common/hardware_gpio/gpio.c.obj
 .ARM.attributes
                0x00000300       0x2c CMakeFiles/chorgan.dir/C_/Users/andyu/.pico-sdk/sdk/2.2.0/src/rp2_common/hardware_clocks/clocks.c.obj
 .ARM.attributes
                0x0000032c       0x2c CMakeFiles/chorgan.dir/C_/Users/andyu/.pico-sdk/sdk/2.2.0/src/rp2_common/hardware_pll/pll.c.obj
 .ARM.attributes
                0x00000358       0x2c CMakeFiles/chorgan.dir/C_/Users/andyu/.pico-sdk/sdk/2.2.0/src/rp2_common/hardware_ticks/ticks.c.obj
 .ARM.attributes
                0x00000384       0x2c CMakeFiles/chorgan.dir/C_/Users/andyu/.pico-sdk/sdk/2.2.0/src/rp2_common/hardware_xosc/xosc.c.obj
 .ARM.attributes
                0x000003b0       0x2c CMakeFiles/chorgan.dir/C_/Users/andyu/.pico-sdk/sdk/2.2.0/src/rp2_common/pico_runtime/runtime.c.obj
 .ARM.attributes
                0x000003dc       0x2c CMakeFiles/chorgan.dir/C_/Users/andyu/.pico-sdk/sdk/2.2.0/src/rp2_common/pico_runtime_init/runtime_init.c.obj
 .ARM.attributes
                0x00000408       0x2c CMakeFiles/chorgan.dir/C_/Users/andyu/.pico-sdk/sdk/2.2.0/src/rp2_common/pico_runtime_init/runtime_init_clocks.c.obj
 .ARM.attributes
                0x00000434       0x22 CMakeFiles/chorgan.dir/C_/Users/andyu/.pico-sdk/sdk/2.2.0/src/rp2_common/pico_bit_ops/bit_ops_aeabi.S.obj
 .ARM.attributes
                0x00000456       0x22 CMakeFiles/chorgan.dir/C_/Users/andyu/.pico-sdk/sdk/2.2.0/src/rp2_common/pico_divider/divider_hardware.S.obj
 .ARM.attributes
                0x00000478       0x22 CMakeFiles/chorgan.dir/C_/Users/andyu/.pico-sdk/sdk/2.2.0/src/rp2_common/pico_double/double_aeabi_rp2040.S.obj
 .ARM.attributes
                0x0000049a       0x2c CMakeFiles/chorgan.dir/C_/Users/andyu/.pico-sdk/sdk/2.2.0/src/rp2_common/pico_double/double_init_rom_rp2040.c.obj
 .ARM.attributes
                0x000004c6       0x22 CMakeFiles/chorgan.dir/C_/Users/andyu/.pico-sdk/sdk/2.2.0/src/rp2_common/pico_double/double_v1_rom_shim_rp2040.S.obj
 .ARM.attributes
                0x000004e8       0x22 CMakeFiles/chorgan.dir/C_/Users/andyu/.pico-sdk/sdk/2.2.0/src/rp2_common/pico_int64_ops/pico_int64_ops_aeabi.S.obj
 .ARM.attributes
                0x0000050a       0x22 CMakeFiles/chorgan.dir/C_/Users/andyu/.pico-sdk/sdk/2.2.0/src/rp2_common/pico_float/float_aeabi_rp2040.S.obj
 .ARM.attributes
                0x0000052c       0x2c CMakeFiles/chorgan.dir/C_/Users/andyu/.pico-sdk/sdk/2.2.0/src/rp2_common/pico_float/float_init_rom_rp2040.c.obj
 .ARM.attributes
                0x00000558       0x22 CMakeFiles/chorgan.dir/C_/Users/andyu/.pico-sdk/sdk/2.2.0/src/rp2_common/pico_float/float_v1_rom_shim_rp2040.S.obj
 .ARM.attributes
                0x0000057a       0x22 CMakeFiles/chorgan.dir/C_/Users/andyu/.pico-sdk/sdk/2.2.0/src/rp2_common/pico_mem_ops/mem_ops_aeabi.S.obj
 .ARM.attributes
                0x0000059c       0x2c CMakeFiles/chorgan.dir/C_/Users/andyu/.pico-sdk/sdk/2.2.0/src/rp2_common/pico_standard_binary_info/standard_binary_info.c.obj
 .ARM.attributes
                0x000005c8       0x2c CMakeFiles/chorgan.dir/C_/Users/andyu/.pico-sdk/sdk/2.2.0/src/rp2_common/pico_printf/printf.c.obj
 .ARM.attributes
                0x000005f4       0x22 CMakeFiles/chorgan.dir/C_/Users/andyu/.pico-sdk/sdk/2.2.0/src/rp2_common/pico_crt0/crt0.S.obj
 .ARM.attributes
                0x00000616       0x2c CMakeFiles/chorgan.dir/C_/Users/andyu/.pico-sdk/sdk/2.2.0/src/rp2_common/pico_clib_interface/newlib_interface.c.obj
 .ARM.attributes
                0x00000642       0x2c CMakeFiles/chorgan.dir/C_/Users/andyu/.pico-sdk/sdk/2.2.0/src/rp2_common/pico_stdio/stdio.c.obj
 .ARM.attributes
                0x0000066e       0x2c CMakeFiles/chorgan.dir/C_/Users/andyu/.pico-sdk/sdk/2.2.0/src/rp2_common/hardware_dma/dma.c.obj
 .ARM.attributes
                0x0000069a       0x2c CMakeFiles/chorgan.dir/C_/Users/andyu/.pico-sdk/sdk/2.2.0/src/rp2_common/hardware_i2c/i2c.c.obj
 .ARM.attributes
                0x000006c6       0x2c CMakeFiles/chorgan.dir/C_/Users/andyu/.pico-sdk/sdk/2.2.0/src/rp2_common/hardware_adc/adc.c.obj
 .ARM.attributes
                0x000006f2       0x2c CMakeFiles/chorgan.dir/C_/Users/andyu/.pico-sdk/sdk/2.2.0/src/rp2_common/hardware_spi/spi.c.obj
 .ARM.attributes
                0x0000071e       0x22 pico-sdk/src/rp2040/boot_stage2/CMakeFiles/bs2_default_library.dir/./bs2_default_padded_checksummed.S.obj
 .ARM.attributes
                0x00000740       0x1e C:/Users/andyu/.pico-sdk/toolchain/14_2_Rel1/bin/../lib/gcc/arm-none-eabi/14.2.1/thumb/v6-m/nofp\libgcc.a(_dvmd_tls.o)
 .ARM.attributes
                0x0000075e       0x2c C:/Users/andyu/.pico-sdk/toolchain/14_2_Rel1/bin/../lib/gcc/arm-none-eabi/14.2.1/thumb/v6-m/nofp\libg.a(libc_a-strlen-stub.o)
 .ARM.attributes
                0x0000078a       0x2c C:/Users/andyu/.pico-sdk/toolchain/14_2_Rel1/bin/../lib/gcc/arm-none-eabi/14.2.1/thumb/v6-m/nofp/crtend.o

.comment        0x00000000       0x45
 .comment       0x00000000       0x45 CMakeFiles/chorgan.dir/main.cpp.obj
                                 0x46 (size before relaxing)
 .comment       0x00000045       0x46 CMakeFiles/chorgan.dir/C_/Users/andyu/.pico-sdk/sdk/2.2.0/src/rp2_common/pico_unique_id/unique_id.c.obj
 .comment       0x00000045       0x46 CMakeFiles/chorgan.dir/C_/Users/andyu/.pico-sdk/sdk/2.2.0/src/rp2_common/hardware_flash/flash.c.obj
 .comment       0x00000045       0x46 CMakeFiles/chorgan.dir/C_/Users/andyu/.pico-sdk/sdk/2.2.0/src/rp2_common/pico_platform_panic/panic.c.obj
 .comment       0x00000045       0x46 CMakeFiles/chorgan.dir/C_/Users/andyu/.pico-sdk/sdk/2.2.0/src/common/hardware_claim/claim.c.obj
 .comment       0x00000045       0x46 CMakeFiles/chorgan.dir/C_/Users/andyu/.pico-sdk/sdk/2.2.0/src/rp2_common/hardware_sync/sync.c.obj
 .comment       0x00000045       0x46 CMakeFiles/chorgan.dir/C_/Users/andyu/.pico-sdk/sdk/2.2.0/src/rp2_common/hardware_sync_spin_lock/sync_spin_lock.c.obj
 .comment       0x00000045       0x46 CMakeFiles/chorgan.dir/C_/Users/andyu/.pico-sdk/sdk/2.2.0/src/rp2_common/pico_bootrom/bootrom.c.obj
 .comment       0x00000045       0x46 CMakeFiles/chorgan.dir/C_/Users/andyu/.pico-sdk/sdk/2.2.0/src/common/pico_time/time.c.obj
 .comment       0x00000045       0x46 CMakeFiles/chorgan.dir/C_/Users/andyu/.pico-sdk/sdk/2.2.0/src/common/pico_time/timeout_helper.c.obj
 .comment       0x00000045       0x46 CMakeFiles/chorgan.dir/C_/Users/andyu/.pico-sdk/sdk/2.2.0/src/rp2_common/hardware_timer/timer.c.obj
 .comment       0x00000045       0x46 CMakeFiles/chorgan.dir/C_/Users/andyu/.pico-sdk/sdk/2.2.0/src/rp2_common/hardware_irq/irq.c.obj
 .comment       0x00000045       0x46 CMakeFiles/chorgan.dir/C_/Users/andyu/.pico-sdk/sdk/2.2.0/src/common/pico_sync/lock_core.c.obj
 .comment       0x00000045       0x46 CMakeFiles/chorgan.dir/C_/Users/andyu/.pico-sdk/sdk/2.2.0/src/common/pico_sync/mutex.c.obj
 .comment       0x00000045       0x46 CMakeFiles/chorgan.dir/C_/Users/andyu/.pico-sdk/sdk/2.2.0/src/rp2_common/hardware_gpio/gpio.c.obj
 .comment       0x00000045       0x46 CMakeFiles/chorgan.dir/C_/Users/andyu/.pico-sdk/sdk/2.2.0/src/rp2_common/hardware_clocks/clocks.c.obj
 .comment       0x00000045       0x46 CMakeFiles/chorgan.dir/C_/Users/andyu/.pico-sdk/sdk/2.2.0/src/rp2_common/hardware_pll/pll.c.obj
 .comment       0x00000045       0x46 CMakeFiles/chorgan.dir/C_/Users/andyu/.pico-sdk/sdk/2.2.0/src/rp2_common/hardware_ticks/ticks.c.obj
 .comment       0x00000045       0x46 CMakeFiles/chorgan.dir/C_/Users/andyu/.pico-sdk/sdk/2.2.0/src/rp2_common/hardware_xosc/xosc.c.obj
 .comment       0x00000045       0x46 CMakeFiles/chorgan.dir/C_/Users/andyu/.pico-sdk/sdk/2.2.0/src/rp2_common/pico_runtime/runtime.c.obj
 .comment       0x00000045       0x46 CMakeFiles/chorgan.dir/C_/Users/andyu/.pico-sdk/sdk/2.2.0/src/rp2_common/pico_runtime_init/runtime_init.c.obj
 .comment       0x00000045       0x46 CMakeFiles/chorgan.dir/C_/Users/andyu/.pico-sdk/sdk/2.2.0/src/rp2_common/pico_runtime_init/runtime_init_clocks.c.obj
 .comment       0x00000045       0x46 CMakeFiles/chorgan.dir/C_/Users/andyu/.pico-sdk/sdk/2.2.0/src/rp2_common/pico_double/double_init_rom_rp2040.c.obj
 .comment       0x00000045       0x46 CMakeFiles/chorgan.dir/C_/Users/andyu/.pico-sdk/sdk/2.2.0/src/rp2_common/pico_float/float_init_rom_rp2040.c.obj
 .comment       0x00000045       0x46 CMakeFiles/chorgan.dir/C_/Users/andyu/.pico-sdk/sdk/2.2.0/src/rp2_common/pico_standard_binary_info/standard_binary_info.c.obj
 .comment       0x00000045       0x46 CMakeFiles/chorgan.dir/C_/Users/andyu/.pico-sdk/sdk/2.2.0/src/rp2_common/pico_printf/printf.c.obj
 .comment       0x00000045       0x46 CMakeFiles/chorgan.dir/C_/Users/andyu/.pico-sdk/sdk/2.2.0/src/rp2_common/pico_clib_interface/newlib_interface.c.obj
 .comment       0x00000045       0x46 CMakeFiles/chorgan.dir/C_/Users/andyu/.pico-sdk/sdk/2.2.0/src/rp2_common/pico_stdio/stdio.c.obj
 .comment       0x00000045       0x46 CMakeFiles/chorgan.dir/C_/Users/andyu/.pico-sdk/sdk/2.2.0/src/rp2_common/hardware_dma/dma.c.obj
 .comment       0x00000045       0x46 CMakeFiles/chorgan.dir/C_/Users/andyu/.pico-sdk/sdk/2.2.0/src/rp2_common/hardware_i2c/i2c.c.obj
 .comment       0x00000045       0x46 CMakeFiles/chorgan.dir/C_/Users/andyu/.pico-sdk/sdk/2.2.0/src/rp2_common/hardware_adc/adc.c.obj
 .comment       0x00000045       0x46 CMakeFiles/chorgan.dir/C_/Users/andyu/.pico-sdk/sdk/2.2.0/src/rp2_common/hardware_spi/spi.c.obj

.debug_info     0x00000000    0x29db0
 .debug_info    0x00000000     0xa25e CMakeFiles/chorgan.dir/main.cpp.obj
 .debug_info    0x0000a25e      0x201 CMakeFiles/chorgan.dir/C_/Users/andyu/.pico-sdk/sdk/2.2.0/src/rp2_common/pico_unique_id/unique_id.c.obj
 .debug_info    0x0000a45f     0x177f CMakeFiles/chorgan.dir/C_/Users/andyu/.pico-sdk/sdk/2.2.0/src/rp2_common/hardware_flash/flash.c.obj
 .debug_info    0x0000bbde      0x1bf CMakeFiles/chorgan.dir/C_/Users/andyu/.pico-sdk/sdk/2.2.0/src/rp2_common/pico_platform_panic/panic.c.obj
 .debug_info    0x0000bd9d      0x9a1 CMakeFiles/chorgan.dir/C_/Users/andyu/.pico-sdk/sdk/2.2.0/src/common/hardware_claim/claim.c.obj
 .debug_info    0x0000c73e      0x45c CMakeFiles/chorgan.dir/C_/Users/andyu/.pico-sdk/sdk/2.2.0/src/rp2_common/hardware_sync/sync.c.obj
 .debug_info    0x0000cb9a      0x245 CMakeFiles/chorgan.dir/C_/Users/andyu/.pico-sdk/sdk/2.2.0/src/rp2_common/hardware_sync_spin_lock/sync_spin_lock.c.obj
 .debug_info    0x0000cddf      0x678 CMakeFiles/chorgan.dir/C_/Users/andyu/.pico-sdk/sdk/2.2.0/src/rp2_common/pico_bootrom/bootrom.c.obj
 .debug_info    0x0000d457     0x5065 CMakeFiles/chorgan.dir/C_/Users/andyu/.pico-sdk/sdk/2.2.0/src/common/pico_time/time.c.obj
 .debug_info    0x000124bc      0x69e CMakeFiles/chorgan.dir/C_/Users/andyu/.pico-sdk/sdk/2.2.0/src/common/pico_time/timeout_helper.c.obj
 .debug_info    0x00012b5a     0x2b37 CMakeFiles/chorgan.dir/C_/Users/andyu/.pico-sdk/sdk/2.2.0/src/rp2_common/hardware_timer/timer.c.obj
 .debug_info    0x00015691     0x2233 CMakeFiles/chorgan.dir/C_/Users/andyu/.pico-sdk/sdk/2.2.0/src/rp2_common/hardware_irq/irq.c.obj
 .debug_info    0x000178c4      0x15f CMakeFiles/chorgan.dir/C_/Users/andyu/.pico-sdk/sdk/2.2.0/src/common/pico_sync/lock_core.c.obj
 .debug_info    0x00017a23     0x2815 CMakeFiles/chorgan.dir/C_/Users/andyu/.pico-sdk/sdk/2.2.0/src/common/pico_sync/mutex.c.obj
 .debug_info    0x0001a238     0x2421 CMakeFiles/chorgan.dir/C_/Users/andyu/.pico-sdk/sdk/2.2.0/src/rp2_common/hardware_gpio/gpio.c.obj
 .debug_info    0x0001c659     0x2a05 CMakeFiles/chorgan.dir/C_/Users/andyu/.pico-sdk/sdk/2.2.0/src/rp2_common/hardware_clocks/clocks.c.obj
 .debug_info    0x0001f05e      0x4e5 CMakeFiles/chorgan.dir/C_/Users/andyu/.pico-sdk/sdk/2.2.0/src/rp2_common/hardware_pll/pll.c.obj
 .debug_info    0x0001f543      0x248 CMakeFiles/chorgan.dir/C_/Users/andyu/.pico-sdk/sdk/2.2.0/src/rp2_common/hardware_ticks/ticks.c.obj
 .debug_info    0x0001f78b      0x1d0 CMakeFiles/chorgan.dir/C_/Users/andyu/.pico-sdk/sdk/2.2.0/src/rp2_common/hardware_xosc/xosc.c.obj
 .debug_info    0x0001f95b      0x21a CMakeFiles/chorgan.dir/C_/Users/andyu/.pico-sdk/sdk/2.2.0/src/rp2_common/pico_runtime/runtime.c.obj
 .debug_info    0x0001fb75      0x7ea CMakeFiles/chorgan.dir/C_/Users/andyu/.pico-sdk/sdk/2.2.0/src/rp2_common/pico_runtime_init/runtime_init.c.obj
 .debug_info    0x0002035f      0x781 CMakeFiles/chorgan.dir/C_/Users/andyu/.pico-sdk/sdk/2.2.0/src/rp2_common/pico_runtime_init/runtime_init_clocks.c.obj
 .debug_info    0x00020ae0       0x23 CMakeFiles/chorgan.dir/C_/Users/andyu/.pico-sdk/sdk/2.2.0/src/rp2_common/pico_bit_ops/bit_ops_aeabi.S.obj
 .debug_info    0x00020b03       0x23 CMakeFiles/chorgan.dir/C_/Users/andyu/.pico-sdk/sdk/2.2.0/src/rp2_common/pico_divider/divider_hardware.S.obj
 .debug_info    0x00020b26       0x23 CMakeFiles/chorgan.dir/C_/Users/andyu/.pico-sdk/sdk/2.2.0/src/rp2_common/pico_double/double_aeabi_rp2040.S.obj
 .debug_info    0x00020b49      0x27e CMakeFiles/chorgan.dir/C_/Users/andyu/.pico-sdk/sdk/2.2.0/src/rp2_common/pico_double/double_init_rom_rp2040.c.obj
 .debug_info    0x00020dc7       0x23 CMakeFiles/chorgan.dir/C_/Users/andyu/.pico-sdk/sdk/2.2.0/src/rp2_common/pico_double/double_v1_rom_shim_rp2040.S.obj
 .debug_info    0x00020dea       0x24 CMakeFiles/chorgan.dir/C_/Users/andyu/.pico-sdk/sdk/2.2.0/src/rp2_common/pico_int64_ops/pico_int64_ops_aeabi.S.obj
 .debug_info    0x00020e0e       0x23 CMakeFiles/chorgan.dir/C_/Users/andyu/.pico-sdk/sdk/2.2.0/src/rp2_common/pico_float/float_aeabi_rp2040.S.obj
 .debug_info    0x00020e31      0x27e CMakeFiles/chorgan.dir/C_/Users/andyu/.pico-sdk/sdk/2.2.0/src/rp2_common/pico_float/float_init_rom_rp2040.c.obj
 .debug_info    0x000210af       0x23 CMakeFiles/chorgan.dir/C_/Users/andyu/.pico-sdk/sdk/2.2.0/src/rp2_common/pico_float/float_v1_rom_shim_rp2040.S.obj
 .debug_info    0x000210d2       0x23 CMakeFiles/chorgan.dir/C_/Users/andyu/.pico-sdk/sdk/2.2.0/src/rp2_common/pico_mem_ops/mem_ops_aeabi.S.obj
 .debug_info    0x000210f5      0x2b8 CMakeFiles/chorgan.dir/C_/Users/andyu/.pico-sdk/sdk/2.2.0/src/rp2_common/pico_standard_binary_info/standard_binary_info.c.obj
 .debug_info    0x000213ad     0x22f2 CMakeFiles/chorgan.dir/C_/Users/andyu/.pico-sdk/sdk/2.2.0/src/rp2_common/pico_printf/printf.c.obj
 .debug_info    0x0002369f       0x23 CMakeFiles/chorgan.dir/C_/Users/andyu/.pico-sdk/sdk/2.2.0/src/rp2_common/pico_crt0/crt0.S.obj
 .debug_info    0x000236c2      0xbbe CMakeFiles/chorgan.dir/C_/Users/andyu/.pico-sdk/sdk/2.2.0/src/rp2_common/pico_clib_interface/newlib_interface.c.obj
 .debug_info    0x00024280     0x1d90 CMakeFiles/chorgan.dir/C_/Users/andyu/.pico-sdk/sdk/2.2.0/src/rp2_common/pico_stdio/stdio.c.obj
 .debug_info    0x00026010      0xa26 CMakeFiles/chorgan.dir/C_/Users/andyu/.pico-sdk/sdk/2.2.0/src/rp2_common/hardware_dma/dma.c.obj
 .debug_info    0x00026a36     0x1cf8 CMakeFiles/chorgan.dir/C_/Users/andyu/.pico-sdk/sdk/2.2.0/src/rp2_common/hardware_i2c/i2c.c.obj
 .debug_info    0x0002872e      0x3fc CMakeFiles/chorgan.dir/C_/Users/andyu/.pico-sdk/sdk/2.2.0/src/rp2_common/hardware_adc/adc.c.obj
 .debug_info    0x00028b2a     0x1286 CMakeFiles/chorgan.dir/C_/Users/andyu/.pico-sdk/sdk/2.2.0/src/rp2_common/hardware_spi/spi.c.obj

.debug_abbrev   0x00000000     0x66ec
 .debug_abbrev  0x00000000      0xac0 CMakeFiles/chorgan.dir/main.cpp.obj
 .debug_abbrev  0x00000ac0      0x153 CMakeFiles/chorgan.dir/C_/Users/andyu/.pico-sdk/sdk/2.2.0/src/rp2_common/pico_unique_id/unique_id.c.obj
 .debug_abbrev  0x00000c13      0x412 CMakeFiles/chorgan.dir/C_/Users/andyu/.pico-sdk/sdk/2.2.0/src/rp2_common/hardware_flash/flash.c.obj
 .debug_abbrev  0x00001025      0x12b CMakeFiles/chorgan.dir/C_/Users/andyu/.pico-sdk/sdk/2.2.0/src/rp2_common/pico_platform_panic/panic.c.obj
 .debug_abbrev  0x00001150      0x328 CMakeFiles/chorgan.dir/C_/Users/andyu/.pico-sdk/sdk/2.2.0/src/common/hardware_claim/claim.c.obj
 .debug_abbrev  0x00001478      0x20f CMakeFiles/chorgan.dir/C_/Users/andyu/.pico-sdk/sdk/2.2.0/src/rp2_common/hardware_sync/sync.c.obj
 .debug_abbrev  0x00001687      0x1bb CMakeFiles/chorgan.dir/C_/Users/andyu/.pico-sdk/sdk/2.2.0/src/rp2_common/hardware_sync_spin_lock/sync_spin_lock.c.obj
 .debug_abbrev  0x00001842      0x1bc CMakeFiles/chorgan.dir/C_/Users/andyu/.pico-sdk/sdk/2.2.0/src/rp2_common/pico_bootrom/bootrom.c.obj
 .debug_abbrev  0x000019fe      0x659 CMakeFiles/chorgan.dir/C_/Users/andyu/.pico-sdk/sdk/2.2.0/src/common/pico_time/time.c.obj
 .debug_abbrev  0x00002057      0x2a0 CMakeFiles/chorgan.dir/C_/Users/andyu/.pico-sdk/sdk/2.2.0/src/common/pico_time/timeout_helper.c.obj
 .debug_abbrev  0x000022f7      0x4f2 CMakeFiles/chorgan.dir/C_/Users/andyu/.pico-sdk/sdk/2.2.0/src/rp2_common/hardware_timer/timer.c.obj
 .debug_abbrev  0x000027e9      0x614 CMakeFiles/chorgan.dir/C_/Users/andyu/.pico-sdk/sdk/2.2.0/src/rp2_common/hardware_irq/irq.c.obj
 .debug_abbrev  0x00002dfd       0xee CMakeFiles/chorgan.dir/C_/Users/andyu/.pico-sdk/sdk/2.2.0/src/common/pico_sync/lock_core.c.obj
 .debug_abbrev  0x00002eeb      0x48c CMakeFiles/chorgan.dir/C_/Users/andyu/.pico-sdk/sdk/2.2.0/src/common/pico_sync/mutex.c.obj
 .debug_abbrev  0x00003377      0x4f9 CMakeFiles/chorgan.dir/C_/Users/andyu/.pico-sdk/sdk/2.2.0/src/rp2_common/hardware_gpio/gpio.c.obj
 .debug_abbrev  0x00003870      0x512 CMakeFiles/chorgan.dir/C_/Users/andyu/.pico-sdk/sdk/2.2.0/src/rp2_common/hardware_clocks/clocks.c.obj
 .debug_abbrev  0x00003d82      0x1d2 CMakeFiles/chorgan.dir/C_/Users/andyu/.pico-sdk/sdk/2.2.0/src/rp2_common/hardware_pll/pll.c.obj
 .debug_abbrev  0x00003f54      0x145 CMakeFiles/chorgan.dir/C_/Users/andyu/.pico-sdk/sdk/2.2.0/src/rp2_common/hardware_ticks/ticks.c.obj
 .debug_abbrev  0x00004099      0x11d CMakeFiles/chorgan.dir/C_/Users/andyu/.pico-sdk/sdk/2.2.0/src/rp2_common/hardware_xosc/xosc.c.obj
 .debug_abbrev  0x000041b6      0x182 CMakeFiles/chorgan.dir/C_/Users/andyu/.pico-sdk/sdk/2.2.0/src/rp2_common/pico_runtime/runtime.c.obj
 .debug_abbrev  0x00004338      0x26b CMakeFiles/chorgan.dir/C_/Users/andyu/.pico-sdk/sdk/2.2.0/src/rp2_common/pico_runtime_init/runtime_init.c.obj
 .debug_abbrev  0x000045a3      0x2af CMakeFiles/chorgan.dir/C_/Users/andyu/.pico-sdk/sdk/2.2.0/src/rp2_common/pico_runtime_init/runtime_init_clocks.c.obj
 .debug_abbrev  0x00004852       0x12 CMakeFiles/chorgan.dir/C_/Users/andyu/.pico-sdk/sdk/2.2.0/src/rp2_common/pico_bit_ops/bit_ops_aeabi.S.obj
 .debug_abbrev  0x00004864       0x12 CMakeFiles/chorgan.dir/C_/Users/andyu/.pico-sdk/sdk/2.2.0/src/rp2_common/pico_divider/divider_hardware.S.obj
 .debug_abbrev  0x00004876       0x12 CMakeFiles/chorgan.dir/C_/Users/andyu/.pico-sdk/sdk/2.2.0/src/rp2_common/pico_double/double_aeabi_rp2040.S.obj
 .debug_abbrev  0x00004888      0x17a CMakeFiles/chorgan.dir/C_/Users/andyu/.pico-sdk/sdk/2.2.0/src/rp2_common/pico_double/double_init_rom_rp2040.c.obj
 .debug_abbrev  0x00004a02       0x12 CMakeFiles/chorgan.dir/C_/Users/andyu/.pico-sdk/sdk/2.2.0/src/rp2_common/pico_double/double_v1_rom_shim_rp2040.S.obj
 .debug_abbrev  0x00004a14       0x14 CMakeFiles/chorgan.dir/C_/Users/andyu/.pico-sdk/sdk/2.2.0/src/rp2_common/pico_int64_ops/pico_int64_ops_aeabi.S.obj
 .debug_abbrev  0x00004a28       0x12 CMakeFiles/chorgan.dir/C_/Users/andyu/.pico-sdk/sdk/2.2.0/src/rp2_common/pico_float/float_aeabi_rp2040.S.obj
 .debug_abbrev  0x00004a3a      0x173 CMakeFiles/chorgan.dir/C_/Users/andyu/.pico-sdk/sdk/2.2.0/src/rp2_common/pico_float/float_init_rom_rp2040.c.obj
 .debug_abbrev  0x00004bad       0x12 CMakeFiles/chorgan.dir/C_/Users/andyu/.pico-sdk/sdk/2.2.0/src/rp2_common/pico_float/float_v1_rom_shim_rp2040.S.obj
 .debug_abbrev  0x00004bbf       0x12 CMakeFiles/chorgan.dir/C_/Users/andyu/.pico-sdk/sdk/2.2.0/src/rp2_common/pico_mem_ops/mem_ops_aeabi.S.obj
 .debug_abbrev  0x00004bd1       0xb8 CMakeFiles/chorgan.dir/C_/Users/andyu/.pico-sdk/sdk/2.2.0/src/rp2_common/pico_standard_binary_info/standard_binary_info.c.obj
 .debug_abbrev  0x00004c89      0x50c CMakeFiles/chorgan.dir/C_/Users/andyu/.pico-sdk/sdk/2.2.0/src/rp2_common/pico_printf/printf.c.obj
 .debug_abbrev  0x00005195       0x12 CMakeFiles/chorgan.dir/C_/Users/andyu/.pico-sdk/sdk/2.2.0/src/rp2_common/pico_crt0/crt0.S.obj
 .debug_abbrev  0x000051a7      0x352 CMakeFiles/chorgan.dir/C_/Users/andyu/.pico-sdk/sdk/2.2.0/src/rp2_common/pico_clib_interface/newlib_interface.c.obj
 .debug_abbrev  0x000054f9      0x5d9 CMakeFiles/chorgan.dir/C_/Users/andyu/.pico-sdk/sdk/2.2.0/src/rp2_common/pico_stdio/stdio.c.obj
 .debug_abbrev  0x00005ad2      0x2fb CMakeFiles/chorgan.dir/C_/Users/andyu/.pico-sdk/sdk/2.2.0/src/rp2_common/hardware_dma/dma.c.obj
 .debug_abbrev  0x00005dcd      0x4a3 CMakeFiles/chorgan.dir/C_/Users/andyu/.pico-sdk/sdk/2.2.0/src/rp2_common/hardware_i2c/i2c.c.obj
 .debug_abbrev  0x00006270      0x142 CMakeFiles/chorgan.dir/C_/Users/andyu/.pico-sdk/sdk/2.2.0/src/rp2_common/hardware_adc/adc.c.obj
 .debug_abbrev  0x000063b2      0x33a CMakeFiles/chorgan.dir/C_/Users/andyu/.pico-sdk/sdk/2.2.0/src/rp2_common/hardware_spi/spi.c.obj

.debug_loclists
                0x00000000    0x19023
 .debug_loclists
                0x00000000     0x5ed1 CMakeFiles/chorgan.dir/main.cpp.obj
 .debug_loclists
                0x00005ed1      0x3d5 CMakeFiles/chorgan.dir/C_/Users/andyu/.pico-sdk/sdk/2.2.0/src/rp2_common/pico_unique_id/unique_id.c.obj
 .debug_loclists
                0x000062a6      0xb24 CMakeFiles/chorgan.dir/C_/Users/andyu/.pico-sdk/sdk/2.2.0/src/rp2_common/hardware_flash/flash.c.obj
 .debug_loclists
                0x00006dca      0x349 CMakeFiles/chorgan.dir/C_/Users/andyu/.pico-sdk/sdk/2.2.0/src/common/hardware_claim/claim.c.obj
 .debug_loclists
                0x00007113      0x108 CMakeFiles/chorgan.dir/C_/Users/andyu/.pico-sdk/sdk/2.2.0/src/rp2_common/hardware_sync/sync.c.obj
 .debug_loclists
                0x0000721b       0x7d CMakeFiles/chorgan.dir/C_/Users/andyu/.pico-sdk/sdk/2.2.0/src/rp2_common/hardware_sync_spin_lock/sync_spin_lock.c.obj
 .debug_loclists
                0x00007298      0x351 CMakeFiles/chorgan.dir/C_/Users/andyu/.pico-sdk/sdk/2.2.0/src/rp2_common/pico_bootrom/bootrom.c.obj
 .debug_loclists
                0x000075e9     0x27af CMakeFiles/chorgan.dir/C_/Users/andyu/.pico-sdk/sdk/2.2.0/src/common/pico_time/time.c.obj
 .debug_loclists
                0x00009d98      0x36e CMakeFiles/chorgan.dir/C_/Users/andyu/.pico-sdk/sdk/2.2.0/src/common/pico_time/timeout_helper.c.obj
 .debug_loclists
                0x0000a106     0x19f1 CMakeFiles/chorgan.dir/C_/Users/andyu/.pico-sdk/sdk/2.2.0/src/rp2_common/hardware_timer/timer.c.obj
 .debug_loclists
                0x0000baf7     0x11ed CMakeFiles/chorgan.dir/C_/Users/andyu/.pico-sdk/sdk/2.2.0/src/rp2_common/hardware_irq/irq.c.obj
 .debug_loclists
                0x0000cce4       0x41 CMakeFiles/chorgan.dir/C_/Users/andyu/.pico-sdk/sdk/2.2.0/src/common/pico_sync/lock_core.c.obj
 .debug_loclists
                0x0000cd25      0xaec CMakeFiles/chorgan.dir/C_/Users/andyu/.pico-sdk/sdk/2.2.0/src/common/pico_sync/mutex.c.obj
 .debug_loclists
                0x0000d811     0x1a7f CMakeFiles/chorgan.dir/C_/Users/andyu/.pico-sdk/sdk/2.2.0/src/rp2_common/hardware_gpio/gpio.c.obj
 .debug_loclists
                0x0000f290     0x2b7c CMakeFiles/chorgan.dir/C_/Users/andyu/.pico-sdk/sdk/2.2.0/src/rp2_common/hardware_clocks/clocks.c.obj
 .debug_loclists
                0x00011e0c      0x1e0 CMakeFiles/chorgan.dir/C_/Users/andyu/.pico-sdk/sdk/2.2.0/src/rp2_common/hardware_pll/pll.c.obj
 .debug_loclists
                0x00011fec       0x47 CMakeFiles/chorgan.dir/C_/Users/andyu/.pico-sdk/sdk/2.2.0/src/rp2_common/hardware_ticks/ticks.c.obj
 .debug_loclists
                0x00012033       0x48 CMakeFiles/chorgan.dir/C_/Users/andyu/.pico-sdk/sdk/2.2.0/src/rp2_common/hardware_xosc/xosc.c.obj
 .debug_loclists
                0x0001207b       0x7e CMakeFiles/chorgan.dir/C_/Users/andyu/.pico-sdk/sdk/2.2.0/src/rp2_common/pico_runtime/runtime.c.obj
 .debug_loclists
                0x000120f9      0x139 CMakeFiles/chorgan.dir/C_/Users/andyu/.pico-sdk/sdk/2.2.0/src/rp2_common/pico_runtime_init/runtime_init.c.obj
 .debug_loclists
                0x00012232       0x74 CMakeFiles/chorgan.dir/C_/Users/andyu/.pico-sdk/sdk/2.2.0/src/rp2_common/pico_runtime_init/runtime_init_clocks.c.obj
 .debug_loclists
                0x000122a6       0x3d CMakeFiles/chorgan.dir/C_/Users/andyu/.pico-sdk/sdk/2.2.0/src/rp2_common/pico_double/double_init_rom_rp2040.c.obj
 .debug_loclists
                0x000122e3       0x59 CMakeFiles/chorgan.dir/C_/Users/andyu/.pico-sdk/sdk/2.2.0/src/rp2_common/pico_float/float_init_rom_rp2040.c.obj
 .debug_loclists
                0x0001233c     0x355f CMakeFiles/chorgan.dir/C_/Users/andyu/.pico-sdk/sdk/2.2.0/src/rp2_common/pico_printf/printf.c.obj
 .debug_loclists
                0x0001589b      0x44e CMakeFiles/chorgan.dir/C_/Users/andyu/.pico-sdk/sdk/2.2.0/src/rp2_common/pico_clib_interface/newlib_interface.c.obj
 .debug_loclists
                0x00015ce9      0xf51 CMakeFiles/chorgan.dir/C_/Users/andyu/.pico-sdk/sdk/2.2.0/src/rp2_common/pico_stdio/stdio.c.obj
 .debug_loclists
                0x00016c3a      0x315 CMakeFiles/chorgan.dir/C_/Users/andyu/.pico-sdk/sdk/2.2.0/src/rp2_common/hardware_dma/dma.c.obj
 .debug_loclists
                0x00016f4f     0x1422 CMakeFiles/chorgan.dir/C_/Users/andyu/.pico-sdk/sdk/2.2.0/src/rp2_common/hardware_i2c/i2c.c.obj
 .debug_loclists
                0x00018371       0x98 CMakeFiles/chorgan.dir/C_/Users/andyu/.pico-sdk/sdk/2.2.0/src/rp2_common/hardware_adc/adc.c.obj
 .debug_loclists
                0x00018409      0xc1a CMakeFiles/chorgan.dir/C_/Users/andyu/.pico-sdk/sdk/2.2.0/src/rp2_common/hardware_spi/spi.c.obj

.debug_aranges  0x00000000     0x1178
 .debug_aranges
                0x00000000       0xc0 CMakeFiles/chorgan.dir/main.cpp.obj
 .debug_aranges
                0x000000c0       0x30 CMakeFiles/chorgan.dir/C_/Users/andyu/.pico-sdk/sdk/2.2.0/src/rp2_common/pico_unique_id/unique_id.c.obj
 .debug_aranges
                0x000000f0       0x78 CMakeFiles/chorgan.dir/C_/Users/andyu/.pico-sdk/sdk/2.2.0/src/rp2_common/hardware_flash/flash.c.obj
 .debug_aranges
                0x00000168       0x28 CMakeFiles/chorgan.dir/C_/Users/andyu/.pico-sdk/sdk/2.2.0/src/rp2_common/pico_platform_panic/panic.c.obj
 .debug_aranges
                0x00000190       0x48 CMakeFiles/chorgan.dir/C_/Users/andyu/.pico-sdk/sdk/2.2.0/src/common/hardware_claim/claim.c.obj
 .debug_aranges
                0x000001d8       0x48 CMakeFiles/chorgan.dir/C_/Users/andyu/.pico-sdk/sdk/2.2.0/src/rp2_common/hardware_sync/sync.c.obj
 .debug_aranges
                0x00000220       0x28 CMakeFiles/chorgan.dir/C_/Users/andyu/.pico-sdk/sdk/2.2.0/src/rp2_common/hardware_sync_spin_lock/sync_spin_lock.c.obj
 .debug_aranges